Archive member included to satisfy reference by file (symbol)

/usr/lib/gcc/arm-none-eabi/10.3.1/../../../arm-none-eabi/lib/thumb/v7e-m/nofp/libg.a(lib_a-memcmp.o)
                              /tmp/ch.elf.T04qV9.ltrans0.ltrans.o (memcmp)
/usr/lib/gcc/arm-none-eabi/10.3.1/../../../arm-none-eabi/lib/thumb/v7e-m/nofp/libg.a(lib_a-memcpy.o)
                              /tmp/ch.elf.T04qV9.ltrans0.ltrans.o (memcpy)
/usr/lib/gcc/arm-none-eabi/10.3.1/../../../arm-none-eabi/lib/thumb/v7e-m/nofp/libg.a(lib_a-memset.o)
                              /tmp/ch.elf.T04qV9.ltrans0.ltrans.o (memset)
/usr/lib/gcc/arm-none-eabi/10.3.1/../../../arm-none-eabi/lib/thumb/v7e-m/nofp/libg.a(lib_a-strcmp.o)
                              /tmp/ch.elf.T04qV9.ltrans1.ltrans.o (strcmp)
/usr/lib/gcc/arm-none-eabi/10.3.1/../../../arm-none-eabi/lib/thumb/v7e-m/nofp/libg.a(lib_a-strncmp.o)
                              /tmp/ch.elf.T04qV9.ltrans0.ltrans.o (strncmp)

Discarded input sections

 .data          0x0000000000000000        0x0 ./build/obj/crt0_v7m.o
 .bss           0x0000000000000000        0x0 ./build/obj/crt0_v7m.o
 .data          0x0000000000000000        0x0 ./build/obj/vectors.o
 .bss           0x0000000000000000        0x0 ./build/obj/vectors.o
 .data          0x0000000000000000        0x0 ./build/obj/chcoreasm.o
 .bss           0x0000000000000000        0x0 ./build/obj/chcoreasm.o
 .text          0x0000000000000000        0x0 /tmp/ch.elf.T04qV9.ltrans0.ltrans.o
 .data          0x0000000000000000        0x0 /tmp/ch.elf.T04qV9.ltrans0.ltrans.o
 .bss           0x0000000000000000        0x0 /tmp/ch.elf.T04qV9.ltrans0.ltrans.o
 .text          0x0000000000000000        0x0 /tmp/ch.elf.T04qV9.ltrans1.ltrans.o
 .data          0x0000000000000000        0x0 /tmp/ch.elf.T04qV9.ltrans1.ltrans.o
 .bss           0x0000000000000000        0x0 /tmp/ch.elf.T04qV9.ltrans1.ltrans.o
 .comment       0x0000000000000000       0x34 /tmp/cc01X4u6.debug.temp.o
 .debug_info    0x0000000000000000      0x13e /tmp/ccTOErng.debug.temp.o
 .debug_abbrev  0x0000000000000000       0xda /tmp/ccTOErng.debug.temp.o
 .debug_line    0x0000000000000000       0x72 /tmp/ccTOErng.debug.temp.o
 .debug_str     0x0000000000000000      0x20c /tmp/ccTOErng.debug.temp.o
 .comment       0x0000000000000000       0x34 /tmp/ccTOErng.debug.temp.o
 .comment       0x0000000000000000       0x34 /tmp/ccDGNcvA.debug.temp.o
 .comment       0x0000000000000000       0x34 /tmp/cclxnMjY.debug.temp.o
 .debug_info    0x0000000000000000      0xbe3 /tmp/ccSffd2g.debug.temp.o
 .debug_abbrev  0x0000000000000000      0x1cd /tmp/ccSffd2g.debug.temp.o
 .debug_line    0x0000000000000000      0x1b3 /tmp/ccSffd2g.debug.temp.o
 .debug_str     0x0000000000000000      0x75c /tmp/ccSffd2g.debug.temp.o
 .comment       0x0000000000000000       0x34 /tmp/ccSffd2g.debug.temp.o
 .debug_info    0x0000000000000000      0x8da /tmp/ccDZjNxr.debug.temp.o
 .debug_abbrev  0x0000000000000000      0x1b3 /tmp/ccDZjNxr.debug.temp.o
 .debug_line    0x0000000000000000      0x165 /tmp/ccDZjNxr.debug.temp.o
 .debug_str     0x0000000000000000      0x536 /tmp/ccDZjNxr.debug.temp.o
 .comment       0x0000000000000000       0x34 /tmp/ccDZjNxr.debug.temp.o
 .comment       0x0000000000000000       0x34 /tmp/ccGAuZS7.debug.temp.o
 .debug_info    0x0000000000000000       0x79 /tmp/ccvV16S2.debug.temp.o
 .debug_abbrev  0x0000000000000000       0x26 /tmp/ccvV16S2.debug.temp.o
 .debug_line    0x0000000000000000       0x1e /tmp/ccvV16S2.debug.temp.o
 .debug_str     0x0000000000000000      0x1a4 /tmp/ccvV16S2.debug.temp.o
 .comment       0x0000000000000000       0x34 /tmp/ccvV16S2.debug.temp.o
 .debug_info    0x0000000000000000      0x2c5 /tmp/ccTqct6k.debug.temp.o
 .debug_abbrev  0x0000000000000000      0x112 /tmp/ccTqct6k.debug.temp.o
 .debug_line    0x0000000000000000       0xca /tmp/ccTqct6k.debug.temp.o
 .debug_str     0x0000000000000000      0x276 /tmp/ccTqct6k.debug.temp.o
 .comment       0x0000000000000000       0x34 /tmp/ccTqct6k.debug.temp.o
 .comment       0x0000000000000000       0x34 /tmp/ccR951zc.debug.temp.o
 .debug_info    0x0000000000000000      0x5ba /tmp/cc7BYVKp.debug.temp.o
 .debug_abbrev  0x0000000000000000      0x13e /tmp/cc7BYVKp.debug.temp.o
 .debug_line    0x0000000000000000       0xd3 /tmp/cc7BYVKp.debug.temp.o
 .debug_str     0x0000000000000000      0x4ed /tmp/cc7BYVKp.debug.temp.o
 .comment       0x0000000000000000       0x34 /tmp/cc7BYVKp.debug.temp.o
 .comment       0x0000000000000000       0x34 /tmp/ccmltO9T.debug.temp.o
 .comment       0x0000000000000000       0x34 /tmp/ccL51xmT.debug.temp.o
 .comment       0x0000000000000000       0x34 /tmp/ccbfTT6J.debug.temp.o
 .debug_info    0x0000000000000000       0x79 /tmp/cciwKHen.debug.temp.o
 .debug_abbrev  0x0000000000000000       0x26 /tmp/cciwKHen.debug.temp.o
 .debug_line    0x0000000000000000       0x1e /tmp/cciwKHen.debug.temp.o
 .debug_str     0x0000000000000000      0x1b8 /tmp/cciwKHen.debug.temp.o
[...]
Memory Configuration

Name             Origin             Length             Attributes
flash0           0x0000000008000000 0x0000000000080000 xr
flash1           0x0000000000000000 0x0000000000000000 xr
flash2           0x0000000000000000 0x0000000000000000 xr
flash3           0x0000000000000000 0x0000000000000000 xr
flash4           0x0000000000000000 0x0000000000000000 xr
flash5           0x0000000000000000 0x0000000000000000 xr
flash6           0x0000000000000000 0x0000000000000000 xr
flash7           0x0000000000000000 0x0000000000000000 xr
ram0             0x0000000020000000 0x0000000000020000 xw
ram1             0x0000000020000000 0x000000000001c000 xw
ram2             0x0000000000000000 0x0000000000004000 xw
ram3             0x0000000000000000 0x0000000000000000 xw
ram4             0x0000000000000000 0x0000000000000000 xw
ram5             0x0000000000000000 0x0000000000000000 xw
ram6             0x0000000000000000 0x0000000000000000 xw
ram7             0x0000000000000000 0x0000000000000000 xw
*default*        0x0000000000000000 0xffffffffffffffff

Linker script and memory map

LOAD ./build/obj/crt0_v7m.o
LOAD ./build/obj/vectors.o
LOAD ./build/obj/chcoreasm.o
LOAD ./build/obj/crt1.o
LOAD /tmp/ch.elf.T04qV9.ltrans0.ltrans.o
LOAD /tmp/ch.elf.T04qV9.ltrans1.ltrans.o
LOAD /tmp/cc01X4u6.debug.temp.o
LOAD /tmp/ccTOErng.debug.temp.o
LOAD /tmp/ccDGNcvA.debug.temp.o
LOAD /tmp/cclxnMjY.debug.temp.o
LOAD /tmp/ccSffd2g.debug.temp.o
LOAD /tmp/ccDZjNxr.debug.temp.o
LOAD /tmp/ccGAuZS7.debug.temp.o
LOAD /tmp/ccvV16S2.debug.temp.o
LOAD /tmp/ccTqct6k.debug.temp.o
LOAD /tmp/ccR951zc.debug.temp.o
LOAD /tmp/cc7BYVKp.debug.temp.o
LOAD /tmp/ccmltO9T.debug.temp.o
LOAD /tmp/ccL51xmT.debug.temp.o
LOAD /tmp/ccbfTT6J.debug.temp.o
LOAD /tmp/cciwKHen.debug.temp.o
LOAD /tmp/ccMTRxt2.debug.temp.o
LOAD /tmp/ccQiv3b1.debug.temp.o
LOAD /tmp/cc16fdGE.debug.temp.o
LOAD /tmp/ccIJtzBO.debug.temp.o
LOAD /tmp/ccsnGJAy.debug.temp.o
LOAD /tmp/ccmf1kZ8.debug.temp.o
LOAD /tmp/ccwMLm8L.debug.temp.o
LOAD /tmp/ccKCOH9c.debug.temp.o
LOAD /tmp/ccwSBVCW.debug.temp.o
LOAD /tmp/ccd9PO5g.debug.temp.o
LOAD /tmp/cchhSUxY.debug.temp.o
LOAD /tmp/ccvQPejb.debug.temp.o
LOAD /tmp/ccKwFK6n.debug.temp.o
LOAD /tmp/ccjNrSx1.debug.temp.o
LOAD /tmp/ccaHsZ0s.debug.temp.o
LOAD /tmp/ccNMWBFS.debug.temp.o
LOAD /tmp/ccTttMbw.debug.temp.o
LOAD /tmp/ccSJDfAE.debug.temp.o
LOAD /tmp/cccs062o.debug.temp.o
LOAD /tmp/ccjfXZFh.debug.temp.o
LOAD /tmp/ccc8J5V1.debug.temp.o
LOAD /tmp/ccVdGMA6.debug.temp.o
LOAD /tmp/ccochV7e.debug.temp.o
LOAD /tmp/ccJsuwNW.debug.temp.o
LOAD /tmp/cccHkUdX.debug.temp.o
LOAD /tmp/ccU3cs92.debug.temp.o
LOAD /tmp/ccM2f1Rc.debug.temp.o
LOAD /tmp/cc9RLrk0.debug.temp.o
LOAD /tmp/ccwmds7P.debug.temp.o
LOAD /tmp/ccMGkfoD.debug.temp.o
LOAD /tmp/ccWx6Pyi.debug.temp.o
LOAD /tmp/ccXCgEKg.debug.temp.o
LOAD /tmp/ccIehJRb.debug.temp.o
LOAD /tmp/cc9cujAS.debug.temp.o
LOAD /tmp/ccNcZuvC.debug.temp.o
LOAD /tmp/ccmtGyhz.debug.temp.o
LOAD /tmp/ccVCkq3p.debug.temp.o
LOAD /tmp/ccaS5Kac.debug.temp.o
LOAD /tmp/ccWtJAEM.debug.temp.o
LOAD /tmp/ccntt6LC.debug.temp.o
LOAD /tmp/cchmf9lw.debug.temp.o
LOAD /tmp/ccSfHPSM.debug.temp.o
LOAD /tmp/ccOPzmMc.debug.temp.o
LOAD /tmp/ccbegpMA.debug.temp.o
LOAD /tmp/cc8xHZrH.debug.temp.o
LOAD /tmp/cc0GPsqX.debug.temp.o
LOAD /tmp/ccpOlM9w.debug.temp.o
LOAD /tmp/ccTdwMk0.debug.temp.o
LOAD /tmp/ccDZ7vYQ.debug.temp.o
LOAD /tmp/cc7DA2Jx.debug.temp.o
LOAD /tmp/ccwVgUIQ.debug.temp.o
LOAD /tmp/ccaAs0BG.debug.temp.o
LOAD /tmp/ccByfi7z.debug.temp.o
LOAD /tmp/ccuu3vEx.debug.temp.o
LOAD /tmp/ccSES6LC.debug.temp.o
LOAD /tmp/ccyR5ZqM.debug.temp.o
LOAD /tmp/ccXp24BY.debug.temp.o
LOAD /tmp/cc8bu6Xy.debug.temp.o
LOAD /tmp/ccMN1XHu.debug.temp.o
LOAD ./build/obj/oop_base_object.o
LOAD ./build/obj/hal.o
LOAD ./build/obj/hal_st.o
LOAD ./build/obj/hal_buffered_serial.o
LOAD ./build/obj/hal_buffers.o
LOAD ./build/obj/hal_queues.o
LOAD ./build/obj/hal_mmcsd.o
LOAD ./build/obj/hal_pal.o
LOAD ./build/obj/hal_serial.o
LOAD ./build/obj/hal_flash.o
LOAD ./build/obj/nvic.o
LOAD ./build/obj/stm32_isr.o
LOAD ./build/obj/hal_lld.o
LOAD ./build/obj/hal_efl_lld.o
LOAD ./build/obj/stm32_dma.o
LOAD ./build/obj/stm32_exti.o
LOAD ./build/obj/hal_pal_lld.o
LOAD ./build/obj/hal_st_lld.o
LOAD ./build/obj/hal_serial_lld.o
LOAD ./build/obj/board.o
LOAD ./build/obj/osal.o
LOAD ./build/obj/chsys.o
LOAD ./build/obj/chrfcu.o
LOAD ./build/obj/chdebug.o
LOAD ./build/obj/chtrace.o
LOAD ./build/obj/chvt.o
LOAD ./build/obj/chschd.o
LOAD ./build/obj/chinstances.o
LOAD ./build/obj/chthreads.o
LOAD ./build/obj/chtm.o
LOAD ./build/obj/chregistry.o
LOAD ./build/obj/chsem.o
LOAD ./build/obj/chmtx.o
LOAD ./build/obj/chcond.o
LOAD ./build/obj/chevents.o
LOAD ./build/obj/chmsg.o
LOAD ./build/obj/chdynamic.o
LOAD ./build/obj/chmemchecks.o
LOAD ./build/obj/chmboxes.o
LOAD ./build/obj/chmemcore.o
LOAD ./build/obj/chmemheaps.o
LOAD ./build/obj/chmempools.o
LOAD ./build/obj/chpipes.o
LOAD ./build/obj/chobjcaches.o
LOAD ./build/obj/chdelegates.o
LOAD ./build/obj/chfactory.o
LOAD ./build/obj/chcore.o
LOAD ./build/obj/ch_test.o
LOAD ./build/obj/ch_test_printf.o
LOAD ./build/obj/rt_test_root.o
LOAD ./build/obj/rt_test_sequence_001.o
LOAD ./build/obj/rt_test_sequence_002.o
LOAD ./build/obj/rt_test_sequence_003.o
LOAD ./build/obj/rt_test_sequence_004.o
LOAD ./build/obj/rt_test_sequence_005.o
LOAD ./build/obj/rt_test_sequence_006.o
LOAD ./build/obj/rt_test_sequence_007.o
LOAD ./build/obj/rt_test_sequence_008.o
LOAD ./build/obj/rt_test_sequence_009.o
LOAD ./build/obj/rt_test_sequence_010.o
LOAD ./build/obj/rt_test_sequence_011.o
LOAD ./build/obj/rt_test_sequence_012.o
LOAD ./build/obj/oslib_test_root.o
LOAD ./build/obj/oslib_test_sequence_001.o
LOAD ./build/obj/oslib_test_sequence_002.o
LOAD ./build/obj/oslib_test_sequence_003.o
LOAD ./build/obj/oslib_test_sequence_004.o
LOAD ./build/obj/oslib_test_sequence_005.o
LOAD ./build/obj/oslib_test_sequence_006.o
LOAD ./build/obj/oslib_test_sequence_007.o
LOAD ./build/obj/oslib_test_sequence_008.o
LOAD ./build/obj/oslib_test_sequence_009.o
LOAD ./build/obj/main.o

.mstack         0x0000000020000000      0x400
                0x0000000020000000                . = ALIGN (0x8)
                0x0000000020000000                __main_stack_base__ = .
                0x0000000020000400                . = (. + __main_stack_size__)
 *fill*         0x0000000020000000      0x400 
                0x0000000020000400                . = ALIGN (0x8)
                0x0000000020000400                __main_stack_end__ = .

.pstack         0x0000000020000400      0x400
                0x0000000020000400                . = ALIGN (0x8)
                0x0000000020000400                __process_stack_base__ = .
                0x0000000020000400                __main_thread_stack_base__ = .
                0x0000000020000800                . = (. + __process_stack_size__)
 *fill*         0x0000000020000400      0x400 
                0x0000000020000800                . = ALIGN (0x8)
                0x0000000020000800                __process_stack_end__ = .
                0x0000000020000800                __main_thread_stack_end__ = .

.vectors        0x0000000008000000      0x1e0
                0x0000000008000000                __textvectors_base__ = LOADADDR (.vectors)
                0x0000000008000000                __vectors_base__ = .
 *(.vectors)
 .vectors       0x0000000008000000      0x1e0 ./build/obj/vectors.o
                0x0000000008000000                _vectors
                0x00000000080001e0                __vectors_end__ = .

.xtors          0x00000000080001e0        0x0
                0x00000000080001e0                __init_array_base__ = .
 *(SORT_BY_NAME(.init_array.*))
 *(.init_array)
                0x00000000080001e0                __init_array_end__ = .
                0x00000000080001e0                __fini_array_base__ = .
 *(.fini_array)
 *(SORT_BY_NAME(.fini_array.*))
                0x00000000080001e0                __fini_array_end__ = .

.text           0x00000000080001e0     0xb774
                0x00000000080001e0                __text_base__ = .
 *(.text)
 .text          0x00000000080001e0       0xd8 ./build/obj/crt0_v7m.o
                0x00000000080001e0                _crt0_entry
 .text          0x00000000080002b8        0x8 ./build/obj/vectors.o
                0x00000000080002b8                Reset_Handler
                0x00000000080002ba                Vector58
                0x00000000080002ba                VectorE8
                0x00000000080002ba                Vector9C
                0x00000000080002ba                VectorAC
                0x00000000080002ba                DebugMon_Handler
                0x00000000080002ba                Vector1A0
                0x00000000080002ba                Vector5C
                0x00000000080002ba                Vector11C
                0x00000000080002ba                HardFault_Handler
                0x00000000080002ba                Vector1B8
                0x00000000080002ba                Vector19C
                0x00000000080002ba                Vector8C
                0x00000000080002ba                SysTick_Handler
                0x00000000080002ba                VectorDC
                0x00000000080002ba                PendSV_Handler
                0x00000000080002ba                Vector168
                0x00000000080002ba                NMI_Handler
                0x00000000080002ba                Vector110
                0x00000000080002ba                Vector120
                0x00000000080002ba                Vector1D8
                0x00000000080002ba                VectorC8
                0x00000000080002ba                Vector94
                0x00000000080002ba                VectorA8
                0x00000000080002ba                VectorB4
                0x00000000080002ba                Vector74
                0x00000000080002ba                Vector160
                0x00000000080002ba                Vector1B0
                0x00000000080002ba                UsageFault_Handler
                0x00000000080002ba                VectorEC
                0x00000000080002ba                Vector40
                0x00000000080002ba                VectorF8
                0x00000000080002ba                Vector108
                0x00000000080002ba                VectorBC
                0x00000000080002ba                Vector190
                0x00000000080002ba                Vector150
                0x00000000080002ba                Vector124
                0x00000000080002ba                Vector1C4
                0x00000000080002ba                Vector1CC
                0x00000000080002ba                Vector148
                0x00000000080002ba                Vector188
                0x00000000080002ba                Vector198
                0x00000000080002ba                Vector118
                0x00000000080002ba                Vector64
                0x00000000080002ba                VectorCC
                0x00000000080002ba                Vector54
                0x00000000080002ba                Vector98
                0x00000000080002ba                Vector138
                0x00000000080002ba                Vector24
                0x00000000080002ba                Vector1AC
                0x00000000080002ba                Vector178
                0x00000000080002ba                Vector84
                0x00000000080002ba                SecureFault_Handler
                0x00000000080002ba                Vector1A4
                0x00000000080002ba                VectorD0
                0x00000000080002ba                Vector1B4
                0x00000000080002ba                Vector140
                0x00000000080002ba                VectorE4
                0x00000000080002ba                VectorC0
                0x00000000080002ba                Vector158
                0x00000000080002ba                Vector130
                0x00000000080002ba                Vector1C0
                0x00000000080002ba                Vector134
                0x00000000080002ba                Vector1D0
                0x00000000080002ba                VectorF0
                0x00000000080002ba                Vector12C
                0x00000000080002ba                Vector13C
                0x00000000080002ba                Vector100
                0x00000000080002ba                VectorE0
                0x00000000080002ba                VectorF4
                0x00000000080002ba                MemManage_Handler
                0x00000000080002ba                Vector6C
                0x00000000080002ba                VectorA0
                0x00000000080002ba                VectorC4
                0x00000000080002ba                Vector7C
                0x00000000080002ba                Vector180
                0x00000000080002ba                Vector90
                0x00000000080002ba                Vector114
                0x00000000080002ba                Vector164
                0x00000000080002ba                Vector60
                0x00000000080002ba                Vector1BC
                0x00000000080002ba                Vector1D4
                0x00000000080002ba                Vector17C
                0x00000000080002ba                Vector48
                0x00000000080002ba                Vector1A8
                0x00000000080002ba                Vector16C
                0x00000000080002ba                Vector70
                0x00000000080002ba                VectorD4
                0x00000000080002ba                Vector4C
                0x00000000080002ba                Vector144
                0x00000000080002ba                Vector80
                0x00000000080002ba                Vector15C
                0x00000000080002ba                Vector68
                0x00000000080002ba                Vector78
                0x00000000080002ba                Vector170
                0x00000000080002ba                Vector88
                0x00000000080002ba                Vector104
                0x00000000080002ba                Vector184
                0x00000000080002ba                Vector10C
                0x00000000080002ba                Vector14C
                0x00000000080002ba                BusFault_Handler
                0x00000000080002ba                Vector50
                0x00000000080002ba                Vector1C8
                0x00000000080002ba                Vector194
                0x00000000080002ba                Vector1DC
                0x00000000080002ba                Vector154
                0x00000000080002ba                Vector44
                0x00000000080002ba                Vector28
                0x00000000080002ba                VectorB8
                0x00000000080002ba                VectorFC
                0x00000000080002ba                Vector34
                0x00000000080002ba                Vector128
                0x00000000080002ba                VectorA4
                0x00000000080002ba                Vector20
                0x00000000080002ba                Vector18C
                0x00000000080002ba                Vector174
                0x00000000080002be                _unhandled_exception
 .text          0x00000000080002c0       0x2a ./build/obj/chcoreasm.o
                0x00000000080002c0                __port_switch
                0x00000000080002d0                __port_thread_start
                0x00000000080002e2                __port_switch_from_isr
                0x00000000080002e6                __port_exit_from_isr
 *fill*         0x00000000080002ea        0x2 
 .text          0x00000000080002ec       0x68 /usr/lib/gcc/arm-none-eabi/10.3.1/../../../arm-none-eabi/lib/thumb/v7e-m/nofp/libg.a(lib_a-memcmp.o)
                0x00000000080002ec                memcmp
 .text          0x0000000008000354      0x134 /usr/lib/gcc/arm-none-eabi/10.3.1/../../../arm-none-eabi/lib/thumb/v7e-m/nofp/libg.a(lib_a-memcpy.o)
                0x0000000008000354                memcpy
 .text          0x0000000008000488       0xa4 /usr/lib/gcc/arm-none-eabi/10.3.1/../../../arm-none-eabi/lib/thumb/v7e-m/nofp/libg.a(lib_a-memset.o)
                0x0000000008000488                memset
 *fill*         0x000000000800052c       0x14 
 .text          0x0000000008000540      0x2dc /usr/lib/gcc/arm-none-eabi/10.3.1/../../../arm-none-eabi/lib/thumb/v7e-m/nofp/libg.a(lib_a-strcmp.o)
                0x0000000008000548                strcmp
 .text          0x000000000800081c       0x80 /usr/lib/gcc/arm-none-eabi/10.3.1/../../../arm-none-eabi/lib/thumb/v7e-m/nofp/libg.a(lib_a-strncmp.o)
                0x000000000800081c                strncmp
 *(.text.*)
 *fill*         0x000000000800089c        0x4 
 .text._ctl.lto_priv.0
                0x00000000080008a0        0xc /tmp/ch.elf.T04qV9.ltrans0.ltrans.o
                0x00000000080008a0                _ctl.lto_priv.0
 *fill*         0x00000000080008ac        0x4 
 .text.notify2.lto_priv.0
                0x00000000080008b0       0x10 /tmp/ch.elf.T04qV9.ltrans0.ltrans.o
                0x00000000080008b0                notify2.lto_priv.0
 .text.__idle_thread.lto_priv.0
                0x00000000080008c0        0x4 /tmp/ch.elf.T04qV9.ltrans0.ltrans.o
                0x00000000080008c0                __idle_thread.lto_priv.0
 *fill*         0x00000000080008c4        0xc 
 .text.thd_poolfree.lto_priv.0
                0x00000000080008d0       0x18 /tmp/ch.elf.T04qV9.ltrans0.ltrans.o
                0x00000000080008d0                thd_poolfree.lto_priv.0
 *fill*         0x00000000080008e8        0x8 
 .text.chCoreAllocFromTop
                0x00000000080008f0       0x3c /tmp/ch.elf.T04qV9.ltrans0.ltrans.o
                0x00000000080008f0                chCoreAllocFromTop
 *fill*         0x000000000800092c        0x4 
 .text.__ch_delegate_fn0
                0x0000000008000930        0xc /tmp/ch.elf.T04qV9.ltrans0.ltrans.o
 *fill*         0x000000000800093c        0x4 
 .text.__ch_delegate_fn1
                0x0000000008000940       0x1c /tmp/ch.elf.T04qV9.ltrans0.ltrans.o
 *fill*         0x000000000800095c        0x4 
 .text.__ch_delegate_fn2
                0x0000000008000960       0x1c /tmp/ch.elf.T04qV9.ltrans0.ltrans.o
 *fill*         0x000000000800097c        0x4 
 .text.__ch_delegate_fn3
                0x0000000008000980       0x20 /tmp/ch.elf.T04qV9.ltrans0.ltrans.o
 .text.__ch_delegate_fn4
                0x00000000080009a0       0x24 /tmp/ch.elf.T04qV9.ltrans0.ltrans.o
 *fill*         0x00000000080009c4        0xc 
 .text.chCoreAllocAlignedI.lto_priv.0
                0x00000000080009d0       0x20 /tmp/ch.elf.T04qV9.ltrans0.ltrans.o
                0x00000000080009d0                chCoreAllocAlignedI.lto_priv.0
 .text.test_stream_putchar.lto_priv.0
                0x00000000080009f0       0x18 /tmp/ch.elf.T04qV9.ltrans0.ltrans.o
                0x00000000080009f0                test_stream_putchar.lto_priv.0
 *fill*         0x0000000008000a08        0x8 
 .text.__test_assert_sequence
                0x0000000008000a10       0x3c /tmp/ch.elf.T04qV9.ltrans0.ltrans.o
 *fill*         0x0000000008000a4c        0x4 
 .text.rt_test_002_001_execute.lto_priv.0
                0x0000000008000a50      0x128 /tmp/ch.elf.T04qV9.ltrans0.ltrans.o
                0x0000000008000a50                rt_test_002_001_execute.lto_priv.0
 *fill*         0x0000000008000b78        0x8 
 .text.rt_test_002_003_execute.lto_priv.0
                0x0000000008000b80       0x24 /tmp/ch.elf.T04qV9.ltrans0.ltrans.o
                0x0000000008000b80                rt_test_002_003_execute.lto_priv.0
 *fill*         0x0000000008000ba4        0xc 
 .text.rt_test_003_001_execute.lto_priv.0
                0x0000000008000bb0       0x18 /tmp/ch.elf.T04qV9.ltrans0.ltrans.o
                0x0000000008000bb0                rt_test_003_001_execute.lto_priv.0
 *fill*         0x0000000008000bc8        0x8 
 .text.rt_test_003_002_execute.lto_priv.0
                0x0000000008000bd0        0xc /tmp/ch.elf.T04qV9.ltrans0.ltrans.o
                0x0000000008000bd0                rt_test_003_002_execute.lto_priv.0
 *fill*         0x0000000008000bdc        0x4 
 .text.thread   0x0000000008000be0       0x1c /tmp/ch.elf.T04qV9.ltrans0.ltrans.o
 *fill*         0x0000000008000bfc        0x4 
 .text.rt_test_006_001_setup.lto_priv.0
                0x0000000008000c00        0xc /tmp/ch.elf.T04qV9.ltrans0.ltrans.o
                0x0000000008000c00                rt_test_006_001_setup.lto_priv.0
 *fill*         0x0000000008000c0c        0x4 
 .text.rt_test_007_001_setup.lto_priv.0
                0x0000000008000c10       0x10 /tmp/ch.elf.T04qV9.ltrans0.ltrans.o
                0x0000000008000c10                rt_test_007_001_setup.lto_priv.0
 .text.rt_test_007_005_setup.lto_priv.0
                0x0000000008000c20       0x10 /tmp/ch.elf.T04qV9.ltrans0.ltrans.o
                0x0000000008000c20                rt_test_007_005_setup.lto_priv.0
 .text.rt_test_007_002_setup
                0x0000000008000c30       0x10 /tmp/ch.elf.T04qV9.ltrans0.ltrans.o
                0x0000000008000c30                rt_test_007_002_setup.lto_priv.0
 .text.rt_test_007_003_setup
                0x0000000008000c40       0x10 /tmp/ch.elf.T04qV9.ltrans0.ltrans.o
                0x0000000008000c40                rt_test_007_003_setup.lto_priv.0
 .text.rt_test_007_004_setup
                0x0000000008000c50       0x10 /tmp/ch.elf.T04qV9.ltrans0.ltrans.o
                0x0000000008000c50                rt_test_007_004_setup.lto_priv.0
 .text.rt_test_008_005_setup.lto_priv.0
                0x0000000008000c60       0x10 /tmp/ch.elf.T04qV9.ltrans0.ltrans.o
                0x0000000008000c60                rt_test_008_005_setup.lto_priv.0
 .text.rt_test_008_001_setup
                0x0000000008000c70       0x10 /tmp/ch.elf.T04qV9.ltrans0.ltrans.o
                0x0000000008000c70                rt_test_008_001_setup.lto_priv.0
 .text.rt_test_008_004_setup.lto_priv.0
                0x0000000008000c80       0x1c /tmp/ch.elf.T04qV9.ltrans0.ltrans.o
                0x0000000008000c80                rt_test_008_004_setup.lto_priv.0
 *fill*         0x0000000008000c9c        0x4 
 .text.rt_test_008_008_setup.lto_priv.0
                0x0000000008000ca0       0x1c /tmp/ch.elf.T04qV9.ltrans0.ltrans.o
                0x0000000008000ca0                rt_test_008_008_setup.lto_priv.0
 *fill*         0x0000000008000cbc        0x4 
 .text.rt_test_008_007_setup
                0x0000000008000cc0       0x1c /tmp/ch.elf.T04qV9.ltrans0.ltrans.o
                0x0000000008000cc0                rt_test_008_007_setup.lto_priv.0
 *fill*         0x0000000008000cdc        0x4 
 .text.rt_test_008_009_setup.lto_priv.0
                0x0000000008000ce0       0x28 /tmp/ch.elf.T04qV9.ltrans0.ltrans.o
                0x0000000008000ce0                rt_test_008_009_setup.lto_priv.0
 *fill*         0x0000000008000d08        0x8 
 .text.h1       0x0000000008000d10       0x1c /tmp/ch.elf.T04qV9.ltrans0.ltrans.o
 *fill*         0x0000000008000d2c        0x4 
 .text.h2       0x0000000008000d30       0x1c /tmp/ch.elf.T04qV9.ltrans0.ltrans.o
 *fill*         0x0000000008000d4c        0x4 
 .text.h3       0x0000000008000d50       0x1c /tmp/ch.elf.T04qV9.ltrans0.ltrans.o
 *fill*         0x0000000008000d6c        0x4 
 .text.rt_test_010_001_execute.lto_priv.0
                0x0000000008000d70       0xfc /tmp/ch.elf.T04qV9.ltrans0.ltrans.o
                0x0000000008000d70                rt_test_010_001_execute.lto_priv.0
 *fill*         0x0000000008000e6c        0x4 
 .text.rt_test_010_002_setup
                0x0000000008000e70       0x18 /tmp/ch.elf.T04qV9.ltrans0.ltrans.o
                0x0000000008000e70                rt_test_010_002_setup.lto_priv.0
 *fill*         0x0000000008000e88        0x8 
 .text.rt_test_010_002_execute.lto_priv.0
                0x0000000008000e90       0x50 /tmp/ch.elf.T04qV9.ltrans0.ltrans.o
                0x0000000008000e90                rt_test_010_002_execute.lto_priv.0
 .text.rt_test_010_003_setup
                0x0000000008000ee0       0x18 /tmp/ch.elf.T04qV9.ltrans0.ltrans.o
                0x0000000008000ee0                rt_test_010_003_setup.lto_priv.0
 *fill*         0x0000000008000ef8        0x8 
 .text.rt_test_010_004_setup
                0x0000000008000f00       0x18 /tmp/ch.elf.T04qV9.ltrans0.ltrans.o
                0x0000000008000f00                rt_test_010_004_setup.lto_priv.0
 *fill*         0x0000000008000f18        0x8 
 .text.rt_test_010_005_setup
                0x0000000008000f20       0x18 /tmp/ch.elf.T04qV9.ltrans0.ltrans.o
                0x0000000008000f20                rt_test_010_005_setup.lto_priv.0
 *fill*         0x0000000008000f38        0x8 
 .text.rt_test_010_006_setup.lto_priv.0
                0x0000000008000f40       0x18 /tmp/ch.elf.T04qV9.ltrans0.ltrans.o
                0x0000000008000f40                rt_test_010_006_setup.lto_priv.0
 *fill*         0x0000000008000f58        0x8 
 .text.rt_test_010_007_setup.lto_priv.0
                0x0000000008000f60       0x28 /tmp/ch.elf.T04qV9.ltrans0.ltrans.o
                0x0000000008000f60                rt_test_010_007_setup.lto_priv.0
 *fill*         0x0000000008000f88        0x8 
 .text.dyn_thread1
                0x0000000008000f90       0x1c /tmp/ch.elf.T04qV9.ltrans0.ltrans.o
                0x0000000008000f90                dyn_thread1.lto_priv.0
 *fill*         0x0000000008000fac        0x4 
 .text.rt_test_011_001_setup.lto_priv.0
                0x0000000008000fb0       0x3c /tmp/ch.elf.T04qV9.ltrans0.ltrans.o
                0x0000000008000fb0                rt_test_011_001_setup.lto_priv.0
 *fill*         0x0000000008000fec        0x4 
 .text.rt_test_011_002_setup.lto_priv.0
                0x0000000008000ff0       0x18 /tmp/ch.elf.T04qV9.ltrans0.ltrans.o
                0x0000000008000ff0                rt_test_011_002_setup.lto_priv.0
 *fill*         0x0000000008001008        0x8 
 .text.tmo      0x0000000008001010        0x4 /tmp/ch.elf.T04qV9.ltrans0.ltrans.o
 *fill*         0x0000000008001014        0xc 
 .text.rt_test_012_007_setup.lto_priv.0
                0x0000000008001020       0x10 /tmp/ch.elf.T04qV9.ltrans0.ltrans.o
                0x0000000008001020                rt_test_012_007_setup.lto_priv.0
 .text.rt_test_012_010_setup.lto_priv.0
                0x0000000008001030       0x10 /tmp/ch.elf.T04qV9.ltrans0.ltrans.o
                0x0000000008001030                rt_test_012_010_setup.lto_priv.0
 .text.rt_test_012_011_setup.lto_priv.0
                0x0000000008001040       0x10 /tmp/ch.elf.T04qV9.ltrans0.ltrans.o
                0x0000000008001040                rt_test_012_011_setup.lto_priv.0
 .text.oslib_test_002_003_setup.lto_priv.0
                0x0000000008001050       0x34 /tmp/ch.elf.T04qV9.ltrans0.ltrans.o
                0x0000000008001050                oslib_test_002_003_setup.lto_priv.0
 *fill*         0x0000000008001084        0xc 
 .text.oslib_test_002_001_setup
                0x0000000008001090       0x34 /tmp/ch.elf.T04qV9.ltrans0.ltrans.o
                0x0000000008001090                oslib_test_002_001_setup.lto_priv.0
 *fill*         0x00000000080010c4        0xc 
 .text.oslib_test_002_002_setup
                0x00000000080010d0       0x34 /tmp/ch.elf.T04qV9.ltrans0.ltrans.o
                0x00000000080010d0                oslib_test_002_002_setup.lto_priv.0
 *fill*         0x0000000008001104        0xc 
 .text.oslib_test_003_001_setup.lto_priv.0
                0x0000000008001110       0x48 /tmp/ch.elf.T04qV9.ltrans0.ltrans.o
                0x0000000008001110                oslib_test_003_001_setup.lto_priv.0
 *fill*         0x0000000008001158        0x8 
 .text.oslib_test_003_002_setup.lto_priv.0
                0x0000000008001160       0x48 /tmp/ch.elf.T04qV9.ltrans0.ltrans.o
                0x0000000008001160                oslib_test_003_002_setup.lto_priv.0
 *fill*         0x00000000080011a8        0x8 
 .text.dis_func0
                0x00000000080011b0       0x20 /tmp/ch.elf.T04qV9.ltrans0.ltrans.o
 .text.dis_func1
                0x00000000080011d0       0x18 /tmp/ch.elf.T04qV9.ltrans0.ltrans.o
 *fill*         0x00000000080011e8        0x8 
 .text.dis_func2
                0x00000000080011f0       0x2c /tmp/ch.elf.T04qV9.ltrans0.ltrans.o
 *fill*         0x000000000800121c        0x4 
 .text.dis_func3
                0x0000000008001220       0x38 /tmp/ch.elf.T04qV9.ltrans0.ltrans.o
 *fill*         0x0000000008001258        0x8 
 .text.dis_func4
                0x0000000008001260       0x48 /tmp/ch.elf.T04qV9.ltrans0.ltrans.o
 *fill*         0x00000000080012a8        0x8 
 .text.dis_func_end
                0x00000000080012b0       0x28 /tmp/ch.elf.T04qV9.ltrans0.ltrans.o
 *fill*         0x00000000080012d8        0x8 
 .text.obj_write
                0x00000000080012e0       0x20 /tmp/ch.elf.T04qV9.ltrans0.ltrans.o
 .text.null_provider
                0x0000000008001300        0x4 /tmp/ch.elf.T04qV9.ltrans0.ltrans.o
 *fill*         0x0000000008001304        0xc 
 .text.oslib_test_007_001_setup.lto_priv.0
                0x0000000008001310       0x14 /tmp/ch.elf.T04qV9.ltrans0.ltrans.o
                0x0000000008001310                oslib_test_007_001_setup.lto_priv.0
 *fill*         0x0000000008001324        0xc 
 .text.oslib_test_007_001_execute.lto_priv.0
                0x0000000008001330      0x198 /tmp/ch.elf.T04qV9.ltrans0.ltrans.o
                0x0000000008001330                oslib_test_007_001_execute.lto_priv.0
 *fill*         0x00000000080014c8        0x8 
 .text.oslib_test_007_003_setup.lto_priv.0
                0x00000000080014d0       0x1c /tmp/ch.elf.T04qV9.ltrans0.ltrans.o
                0x00000000080014d0                oslib_test_007_003_setup.lto_priv.0
 *fill*         0x00000000080014ec        0x4 
 .text.oslib_test_007_002_setup
                0x00000000080014f0       0x1c /tmp/ch.elf.T04qV9.ltrans0.ltrans.o
                0x00000000080014f0                oslib_test_007_002_setup.lto_priv.0
 *fill*         0x000000000800150c        0x4 
 .text.oslib_test_008_001_setup.lto_priv.0
                0x0000000008001510       0x3c /tmp/ch.elf.T04qV9.ltrans0.ltrans.o
                0x0000000008001510                oslib_test_008_001_setup.lto_priv.0
 *fill*         0x000000000800154c        0x4 
 .text.__sch_wakeup.lto_priv.0
                0x0000000008001550       0x6c /tmp/ch.elf.T04qV9.ltrans0.ltrans.o
                0x0000000008001550                __sch_wakeup.lto_priv.0
 *fill*         0x00000000080015bc        0x4 
 .text.chSemSignalI
                0x00000000080015c0       0x38 /tmp/ch.elf.T04qV9.ltrans0.ltrans.o
                0x00000000080015c0                chSemSignalI
 *fill*         0x00000000080015f8        0x8 
 .text.chMtxUnlockS
                0x0000000008001600       0x64 /tmp/ch.elf.T04qV9.ltrans0.ltrans.o
 *fill*         0x0000000008001664        0xc 
 .text.chEvtBroadcastFlagsI
                0x0000000008001670       0x70 /tmp/ch.elf.T04qV9.ltrans0.ltrans.o
 .text.chThdWait
                0x00000000080016e0       0x78 /tmp/ch.elf.T04qV9.ltrans0.ltrans.o
 *fill*         0x0000000008001758        0x8 
 .text.rt_test_007_005_teardown
                0x0000000008001760       0x24 /tmp/ch.elf.T04qV9.ltrans0.ltrans.o
                0x0000000008001760                rt_test_007_005_teardown.lto_priv.0
 *fill*         0x0000000008001784        0xc 
 .text.rt_test_007_006_teardown.lto_priv.0
                0x0000000008001790       0x24 /tmp/ch.elf.T04qV9.ltrans0.ltrans.o
                0x0000000008001790                rt_test_007_006_teardown.lto_priv.0
 *fill*         0x00000000080017b4        0xc 
 .text.rt_test_008_004_teardown
                0x00000000080017c0       0x24 /tmp/ch.elf.T04qV9.ltrans0.ltrans.o
                0x00000000080017c0                rt_test_008_004_teardown.lto_priv.0
 *fill*         0x00000000080017e4        0xc 
 .text.chThdYield
                0x00000000080017f0       0x4c /tmp/ch.elf.T04qV9.ltrans0.ltrans.o
 *fill*         0x000000000800183c        0x4 
 .text.chMsgSend
                0x0000000008001840       0x64 /tmp/ch.elf.T04qV9.ltrans0.ltrans.o
 *fill*         0x00000000080018a4        0xc 
 .text.msg_thread1
                0x00000000080018b0       0x28 /tmp/ch.elf.T04qV9.ltrans0.ltrans.o
 *fill*         0x00000000080018d8        0x8 
 .text.thread1.lto_priv.1
                0x00000000080018e0       0x6c /tmp/ch.elf.T04qV9.ltrans0.ltrans.o
 *fill*         0x000000000800194c        0x4 
 .text.bmk_thread3
                0x0000000008001950       0x80 /tmp/ch.elf.T04qV9.ltrans0.ltrans.o
 .text.bmk_thread4
                0x00000000080019d0       0x38 /tmp/ch.elf.T04qV9.ltrans0.ltrans.o
 *fill*         0x0000000008001a08        0x8 
 .text.bmk_thread7
                0x0000000008001a10       0x68 /tmp/ch.elf.T04qV9.ltrans0.ltrans.o
 *fill*         0x0000000008001a78        0x8 
 .text.bmk_thread8
                0x0000000008001a80       0x70 /tmp/ch.elf.T04qV9.ltrans0.ltrans.o
 .text.chDelegateCallVeneer
                0x0000000008001af0       0x24 /tmp/ch.elf.T04qV9.ltrans0.ltrans.o
 *fill*         0x0000000008001b14        0xc 
 .text.rt_test_007_001_teardown.lto_priv.0
                0x0000000008001b20        0xc /tmp/ch.elf.T04qV9.ltrans0.ltrans.o
                0x0000000008001b20                rt_test_007_001_teardown.lto_priv.0
 *fill*         0x0000000008001b2c        0x4 
 .text.rt_test_011_002_execute.lto_priv.0
                0x0000000008001b30      0x1a4 /tmp/ch.elf.T04qV9.ltrans0.ltrans.o
                0x0000000008001b30                rt_test_011_002_execute.lto_priv.0
 *fill*         0x0000000008001cd4        0xc 
 .text.oslib_test_002_003_teardown.lto_priv.0
                0x0000000008001ce0        0x4 /tmp/ch.elf.T04qV9.ltrans0.ltrans.o
                0x0000000008001ce0                oslib_test_002_003_teardown.lto_priv.0
 *fill*         0x0000000008001ce4        0xc 
 .text.oslib_test_002_001_teardown
                0x0000000008001cf0        0x4 /tmp/ch.elf.T04qV9.ltrans0.ltrans.o
                0x0000000008001cf0                oslib_test_002_001_teardown.lto_priv.0
 *fill*         0x0000000008001cf4        0xc 
 .text.oslib_test_002_002_teardown
                0x0000000008001d00        0x4 /tmp/ch.elf.T04qV9.ltrans0.ltrans.o
                0x0000000008001d00                oslib_test_002_002_teardown.lto_priv.0
 *fill*         0x0000000008001d04        0xc 
 .text.oslib_test_003_002_execute.lto_priv.0
                0x0000000008001d10       0x80 /tmp/ch.elf.T04qV9.ltrans0.ltrans.o
                0x0000000008001d10                oslib_test_003_002_execute.lto_priv.0
 .text.__cpu_init
                0x0000000008001d90        0x4 /tmp/ch.elf.T04qV9.ltrans0.ltrans.o
                0x0000000008001d90                __cpu_init
 *fill*         0x0000000008001d94        0xc 
 .text.__late_init
                0x0000000008001da0        0x4 /tmp/ch.elf.T04qV9.ltrans0.ltrans.o
                0x0000000008001da0                __late_init
 *fill*         0x0000000008001da4        0xc 
 .text.__default_exit
                0x0000000008001db0        0x4 /tmp/ch.elf.T04qV9.ltrans0.ltrans.o
                0x0000000008001db0                __default_exit
 *fill*         0x0000000008001db4        0xc 
 .text.__init_ram_areas
                0x0000000008001dc0       0x6c /tmp/ch.elf.T04qV9.ltrans0.ltrans.o
                0x0000000008001dc0                __init_ram_areas
 *fill*         0x0000000008001e2c        0x4 
 .text.VectorD8
                0x0000000008001e30      0x224 /tmp/ch.elf.T04qV9.ltrans0.ltrans.o
                0x0000000008001e30                VectorD8
 *fill*         0x0000000008002054        0xc 
 .text.VectorB0
                0x0000000008002060      0x16c /tmp/ch.elf.T04qV9.ltrans0.ltrans.o
                0x0000000008002060                VectorB0
 *fill*         0x00000000080021cc        0x4 
 .text.__early_init
                0x00000000080021d0      0x29c /tmp/ch.elf.T04qV9.ltrans0.ltrans.o
                0x00000000080021d0                __early_init
 *fill*         0x000000000800246c        0x4 
 .text.chVTDoResetI
                0x0000000008002470       0xa8 /tmp/ch.elf.T04qV9.ltrans0.ltrans.o
                0x0000000008002470                chVTDoResetI
 *fill*         0x0000000008002518        0x8 
 .text.test_wait_tick
                0x0000000008002520       0x64 /tmp/ch.elf.T04qV9.ltrans0.ltrans.o
 *fill*         0x0000000008002584        0xc 
 .text.job_slow
                0x0000000008002590       0x6c /tmp/ch.elf.T04qV9.ltrans0.ltrans.o
 *fill*         0x00000000080025fc        0x4 
 .text.__sch_reschedule_ahead.lto_priv.0
                0x0000000008002600       0x38 /tmp/ch.elf.T04qV9.ltrans0.ltrans.o
                0x0000000008002600                chSchDoPreemption
                0x0000000008002600                __sch_reschedule_ahead.lto_priv.0
 *fill*         0x0000000008002638        0x8 
 .text.vtcb     0x0000000008002640       0x50 /tmp/ch.elf.T04qV9.ltrans0.ltrans.o
 .text.rt_test_005_003_execute.lto_priv.0
                0x0000000008002690       0xbc /tmp/ch.elf.T04qV9.ltrans0.ltrans.o
                0x0000000008002690                rt_test_005_003_execute.lto_priv.0
 *fill*         0x000000000800274c        0x4 
 .text.rt_test_005_004_execute.lto_priv.0
                0x0000000008002750      0x108 /tmp/ch.elf.T04qV9.ltrans0.ltrans.o
                0x0000000008002750                rt_test_005_004_execute.lto_priv.0
 *fill*         0x0000000008002858        0x8 
 .text.thread1.lto_priv.0
                0x0000000008002860       0x68 /tmp/ch.elf.T04qV9.ltrans0.ltrans.o
 *fill*         0x00000000080028c8        0x8 
 .text.thread4  0x00000000080028d0       0x34 /tmp/ch.elf.T04qV9.ltrans0.ltrans.o
 *fill*         0x0000000008002904        0xc 
 .text.obj_read
                0x0000000008002910       0xc8 /tmp/ch.elf.T04qV9.ltrans0.ltrans.o
 *fill*         0x00000000080029d8        0x8 
 .text.oslib_test_006_001_execute.lto_priv.0
                0x00000000080029e0      0x600 /tmp/ch.elf.T04qV9.ltrans0.ltrans.o
                0x00000000080029e0                oslib_test_006_001_execute.lto_priv.0
 .text.chSchGoSleepTimeoutS
                0x0000000008002fe0       0x68 /tmp/ch.elf.T04qV9.ltrans0.ltrans.o
                0x0000000008002fe0                chSchGoSleepTimeoutS
 *fill*         0x0000000008003048        0x8 
 .text.oqWriteTimeout
                0x0000000008003050       0xe4 /tmp/ch.elf.T04qV9.ltrans0.ltrans.o
 *fill*         0x0000000008003134        0xc 
 .text._write.lto_priv.0
                0x0000000008003140        0xc /tmp/ch.elf.T04qV9.ltrans0.ltrans.o
                0x0000000008003140                _write.lto_priv.0
 *fill*         0x000000000800314c        0x4 
 .text._writet.lto_priv.0
                0x0000000008003150        0x8 /tmp/ch.elf.T04qV9.ltrans0.ltrans.o
                0x0000000008003150                _writet.lto_priv.0
 *fill*         0x0000000008003158        0x8 
 .text.iqGetTimeout
                0x0000000008003160       0x6c /tmp/ch.elf.T04qV9.ltrans0.ltrans.o
 *fill*         0x00000000080031cc        0x4 
 .text._get.lto_priv.0
                0x00000000080031d0        0xc /tmp/ch.elf.T04qV9.ltrans0.ltrans.o
                0x00000000080031d0                _get.lto_priv.0
 *fill*         0x00000000080031dc        0x4 
 .text._gett.lto_priv.0
                0x00000000080031e0        0x8 /tmp/ch.elf.T04qV9.ltrans0.ltrans.o
                0x00000000080031e0                _gett.lto_priv.0
 *fill*         0x00000000080031e8        0x8 
 .text.iqReadTimeout
                0x00000000080031f0       0xec /tmp/ch.elf.T04qV9.ltrans0.ltrans.o
 *fill*         0x00000000080032dc        0x4 
 .text._read.lto_priv.0
                0x00000000080032e0        0xc /tmp/ch.elf.T04qV9.ltrans0.ltrans.o
                0x00000000080032e0                _read.lto_priv.0
 *fill*         0x00000000080032ec        0x4 
 .text._readt.lto_priv.0
                0x00000000080032f0        0x8 /tmp/ch.elf.T04qV9.ltrans0.ltrans.o
                0x00000000080032f0                _readt.lto_priv.0
 *fill*         0x00000000080032f8        0x8 
 .text.oqPutTimeout
                0x0000000008003300       0x78 /tmp/ch.elf.T04qV9.ltrans0.ltrans.o
 *fill*         0x0000000008003378        0x8 
 .text._put.lto_priv.0
                0x0000000008003380        0xc /tmp/ch.elf.T04qV9.ltrans0.ltrans.o
                0x0000000008003380                _put.lto_priv.0
 *fill*         0x000000000800338c        0x4 
 .text._putt.lto_priv.0
                0x0000000008003390        0x8 /tmp/ch.elf.T04qV9.ltrans0.ltrans.o
                0x0000000008003390                _putt.lto_priv.0
 *fill*         0x0000000008003398        0x8 
 .text.chMBPostTimeout
                0x00000000080033a0       0xcc /tmp/ch.elf.T04qV9.ltrans0.ltrans.o
 *fill*         0x000000000800346c        0x4 
 .text.chMBFetchTimeoutS
                0x0000000008003470       0xa0 /tmp/ch.elf.T04qV9.ltrans0.ltrans.o
 .text.oslib_test_002_003_execute.lto_priv.0
                0x0000000008003510      0x16c /tmp/ch.elf.T04qV9.ltrans0.ltrans.o
                0x0000000008003510                oslib_test_002_003_execute.lto_priv.0
 *fill*         0x000000000800367c        0x4 
 .text.Thread1.lto_priv.0
                0x0000000008003680       0x9c /tmp/ch.elf.T04qV9.ltrans0.ltrans.o
 *fill*         0x000000000800371c        0x4 
 .text.chGuardedPoolAllocTimeout
                0x0000000008003720       0x68 /tmp/ch.elf.T04qV9.ltrans0.ltrans.o
 *fill*         0x0000000008003788        0x8 
 .text.oslib_test_007_002_execute.lto_priv.0
                0x0000000008003790      0x15c /tmp/ch.elf.T04qV9.ltrans0.ltrans.o
                0x0000000008003790                oslib_test_007_002_execute.lto_priv.0
 *fill*         0x00000000080038ec        0x4 
 .text.oslib_test_007_003_execute.lto_priv.0
                0x00000000080038f0       0x30 /tmp/ch.elf.T04qV9.ltrans0.ltrans.o
                0x00000000080038f0                oslib_test_007_003_execute.lto_priv.0
 .text.rt_test_002_002_execute.lto_priv.0
                0x0000000008003920      0x134 /tmp/ch.elf.T04qV9.ltrans0.ltrans.o
                0x0000000008003920                rt_test_002_002_execute.lto_priv.0
 *fill*         0x0000000008003a54        0xc 
 .text.rt_test_004_001_execute.lto_priv.0
                0x0000000008003a60       0xa4 /tmp/ch.elf.T04qV9.ltrans0.ltrans.o
                0x0000000008003a60                rt_test_004_001_execute.lto_priv.0
 *fill*         0x0000000008003b04        0xc 
 .text.rt_test_005_001_execute.lto_priv.0
                0x0000000008003b10       0xec /tmp/ch.elf.T04qV9.ltrans0.ltrans.o
                0x0000000008003b10                rt_test_005_001_execute.lto_priv.0
 *fill*         0x0000000008003bfc        0x4 
 .text.thread2  0x0000000008003c00       0x70 /tmp/ch.elf.T04qV9.ltrans0.ltrans.o
 .text.evt_thread3
                0x0000000008003c70       0x7c /tmp/ch.elf.T04qV9.ltrans0.ltrans.o
 *fill*         0x0000000008003cec        0x4 
 .text.evt_thread7
                0x0000000008003cf0       0x6c /tmp/ch.elf.T04qV9.ltrans0.ltrans.o
 *fill*         0x0000000008003d5c        0x4 
 .text.rt_test_010_006_execute.lto_priv.0
                0x0000000008003d60      0x128 /tmp/ch.elf.T04qV9.ltrans0.ltrans.o
                0x0000000008003d60                rt_test_010_006_execute.lto_priv.0
 *fill*         0x0000000008003e88        0x8 
 .text.msg_loop_test
                0x0000000008003e90       0xb4 /tmp/ch.elf.T04qV9.ltrans0.ltrans.o
 *fill*         0x0000000008003f44        0xc 
 .text.chSchWakeupS
                0x0000000008003f50       0x5c /tmp/ch.elf.T04qV9.ltrans0.ltrans.o
                0x0000000008003f50                chSchWakeupS
 *fill*         0x0000000008003fac        0x4 
 .text.rt_test_007_001_execute.lto_priv.0
                0x0000000008003fb0      0x104 /tmp/ch.elf.T04qV9.ltrans0.ltrans.o
                0x0000000008003fb0                rt_test_007_001_execute.lto_priv.0
 *fill*         0x00000000080040b4        0xc 
 .text.thread3  0x00000000080040c0       0x78 /tmp/ch.elf.T04qV9.ltrans0.ltrans.o
 *fill*         0x0000000008004138        0x8 
 .text.bmk_thread1
                0x0000000008004140       0x6c /tmp/ch.elf.T04qV9.ltrans0.ltrans.o
 *fill*         0x00000000080041ac        0x4 
 .text.chThdCreateSuspendedI
                0x00000000080041b0       0x98 /tmp/ch.elf.T04qV9.ltrans0.ltrans.o
                0x00000000080041b0                chThdCreateSuspendedI
 *fill*         0x0000000008004248        0x8 
 .text.oslib_test_005_001_execute.lto_priv.0
                0x0000000008004250      0x14c /tmp/ch.elf.T04qV9.ltrans0.ltrans.o
                0x0000000008004250                oslib_test_005_001_execute.lto_priv.0
 *fill*         0x000000000800439c        0x4 
 .text.oslib_test_004_001_execute.lto_priv.0
                0x00000000080043a0      0x1e0 /tmp/ch.elf.T04qV9.ltrans0.ltrans.o
                0x00000000080043a0                oslib_test_004_001_execute.lto_priv.0
 .text.chThdCreateStatic
                0x0000000008004580       0xa4 /tmp/ch.elf.T04qV9.ltrans0.ltrans.o
                0x0000000008004580                chThdCreateStatic
 *fill*         0x0000000008004624        0xc 
 .text.rt_test_005_002_execute.lto_priv.0
                0x0000000008004630      0x250 /tmp/ch.elf.T04qV9.ltrans0.ltrans.o
                0x0000000008004630                rt_test_005_002_execute.lto_priv.0
 .text.rt_test_006_001_execute.lto_priv.0
                0x0000000008004880      0x110 /tmp/ch.elf.T04qV9.ltrans0.ltrans.o
                0x0000000008004880                rt_test_006_001_execute.lto_priv.0
 .text.rt_test_007_002_execute.lto_priv.0
                0x0000000008004990      0x1ac /tmp/ch.elf.T04qV9.ltrans0.ltrans.o
                0x0000000008004990                rt_test_007_002_execute.lto_priv.0
 *fill*         0x0000000008004b3c        0x4 
 .text.rt_test_007_003_execute.lto_priv.0
                0x0000000008004b40      0x1bc /tmp/ch.elf.T04qV9.ltrans0.ltrans.o
                0x0000000008004b40                rt_test_007_003_execute.lto_priv.0
 *fill*         0x0000000008004cfc        0x4 
 .text.rt_test_007_004_execute.lto_priv.0
                0x0000000008004d00      0x100 /tmp/ch.elf.T04qV9.ltrans0.ltrans.o
                0x0000000008004d00                rt_test_007_004_execute.lto_priv.0
 .text.rt_test_007_005_execute.lto_priv.0
                0x0000000008004e00       0x88 /tmp/ch.elf.T04qV9.ltrans0.ltrans.o
                0x0000000008004e00                rt_test_007_005_execute.lto_priv.0
 *fill*         0x0000000008004e88        0x8 
 .text.rt_test_007_006_execute.lto_priv.0
                0x0000000008004e90      0x214 /tmp/ch.elf.T04qV9.ltrans0.ltrans.o
                0x0000000008004e90                rt_test_007_006_execute.lto_priv.0
 *fill*         0x00000000080050a4        0xc 
 .text.rt_test_008_007_execute.lto_priv.0
                0x00000000080050b0      0x1c4 /tmp/ch.elf.T04qV9.ltrans0.ltrans.o
                0x00000000080050b0                rt_test_008_007_execute.lto_priv.0
 *fill*         0x0000000008005274        0xc 
 .text.rt_test_008_008_execute.lto_priv.0
                0x0000000008005280      0x138 /tmp/ch.elf.T04qV9.ltrans0.ltrans.o
                0x0000000008005280                rt_test_008_008_execute.lto_priv.0
 *fill*         0x00000000080053b8        0x8 
 .text.rt_test_008_009_execute.lto_priv.0
                0x00000000080053c0      0x100 /tmp/ch.elf.T04qV9.ltrans0.ltrans.o
                0x00000000080053c0                rt_test_008_009_execute.lto_priv.0
 .text.rt_test_009_001_execute.lto_priv.0
                0x00000000080054c0       0xe4 /tmp/ch.elf.T04qV9.ltrans0.ltrans.o
                0x00000000080054c0                rt_test_009_001_execute.lto_priv.0
 *fill*         0x00000000080055a4        0xc 
 .text.rt_test_010_003_execute.lto_priv.0
                0x00000000080055b0      0x11c /tmp/ch.elf.T04qV9.ltrans0.ltrans.o
                0x00000000080055b0                rt_test_010_003_execute.lto_priv.0
 *fill*         0x00000000080056cc        0x4 
 .text.rt_test_010_004_execute.lto_priv.0
                0x00000000080056d0      0x178 /tmp/ch.elf.T04qV9.ltrans0.ltrans.o
                0x00000000080056d0                rt_test_010_004_execute.lto_priv.0
 *fill*         0x0000000008005848        0x8 
 .text.rt_test_010_005_execute.lto_priv.0
                0x0000000008005850      0x16c /tmp/ch.elf.T04qV9.ltrans0.ltrans.o
                0x0000000008005850                rt_test_010_005_execute.lto_priv.0
 *fill*         0x00000000080059bc        0x4 
 .text.rt_test_010_007_execute.lto_priv.0
                0x00000000080059c0      0x1f0 /tmp/ch.elf.T04qV9.ltrans0.ltrans.o
                0x00000000080059c0                rt_test_010_007_execute.lto_priv.0
 .text.chThdExit
                0x0000000008005bb0       0x80 /tmp/ch.elf.T04qV9.ltrans0.ltrans.o
                0x0000000008005bb0                chThdExit
 .text.Thread1.lto_priv.1
                0x0000000008005c30       0x94 /tmp/ch.elf.T04qV9.ltrans0.ltrans.o
 *fill*         0x0000000008005cc4        0xc 
 .text.chTMStartMeasurementX
                0x0000000008005cd0        0xc /tmp/ch.elf.T04qV9.ltrans0.ltrans.o
                0x0000000008005cd0                chTMStartMeasurementX
 *fill*         0x0000000008005cdc        0x4 
 .text.chTMStopMeasurementX
                0x0000000008005ce0       0x44 /tmp/ch.elf.T04qV9.ltrans0.ltrans.o
                0x0000000008005ce0                chTMStopMeasurementX
 *fill*         0x0000000008005d24        0xc 
 .text.chMtxLockS
                0x0000000008005d30       0xdc /tmp/ch.elf.T04qV9.ltrans0.ltrans.o
                0x0000000008005d30                chMtxLockS
 *fill*         0x0000000008005e0c        0x4 
 .text.thread4B
                0x0000000008005e10       0x4c /tmp/ch.elf.T04qV9.ltrans0.ltrans.o
 *fill*         0x0000000008005e5c        0x4 
 .text.chMtxUnlock
                0x0000000008005e60       0x84 /tmp/ch.elf.T04qV9.ltrans0.ltrans.o
                0x0000000008005e60                chMtxUnlock
 *fill*         0x0000000008005ee4        0xc 
 .text.chHeapStatus
                0x0000000008005ef0       0x6c /tmp/ch.elf.T04qV9.ltrans0.ltrans.o
                0x0000000008005ef0                chHeapStatus
 *fill*         0x0000000008005f5c        0x4 
 .text.thread1.lto_priv.2
                0x0000000008005f60       0x3c /tmp/ch.elf.T04qV9.ltrans0.ltrans.o
 *fill*         0x0000000008005f9c        0x4 
 .text.thread4A
                0x0000000008005fa0       0x74 /tmp/ch.elf.T04qV9.ltrans0.ltrans.o
 *fill*         0x0000000008006014        0xc 
 .text.thread6  0x0000000008006020       0x9c /tmp/ch.elf.T04qV9.ltrans0.ltrans.o
 *fill*         0x00000000080060bc        0x4 
 .text.thread8  0x00000000080060c0       0xbc /tmp/ch.elf.T04qV9.ltrans0.ltrans.o
 *fill*         0x000000000800617c        0x4 
 .text.thread9  0x0000000008006180       0x3c /tmp/ch.elf.T04qV9.ltrans0.ltrans.o
 *fill*         0x00000000080061bc        0x4 
 .text.rt_test_008_001_execute.lto_priv.0
                0x00000000080061c0      0x130 /tmp/ch.elf.T04qV9.ltrans0.ltrans.o
                0x00000000080061c0                rt_test_008_001_execute.lto_priv.0
 .text.rt_test_008_004_execute.lto_priv.0
                0x00000000080062f0      0x120 /tmp/ch.elf.T04qV9.ltrans0.ltrans.o
                0x00000000080062f0                rt_test_008_004_execute.lto_priv.0
 .text.rt_test_008_005_execute.lto_priv.0
                0x0000000008006410      0x18c /tmp/ch.elf.T04qV9.ltrans0.ltrans.o
                0x0000000008006410                rt_test_008_005_execute.lto_priv.0
 *fill*         0x000000000800659c        0x4 
 .text.rt_test_011_001_execute.lto_priv.0
                0x00000000080065a0      0x1e8 /tmp/ch.elf.T04qV9.ltrans0.ltrans.o
                0x00000000080065a0                rt_test_011_001_execute.lto_priv.0
 *fill*         0x0000000008006788        0x8 
 .text.chHeapAllocAligned
                0x0000000008006790      0x11c /tmp/ch.elf.T04qV9.ltrans0.ltrans.o
                0x0000000008006790                chHeapAllocAligned
 *fill*         0x00000000080068ac        0x4 
 .text.chHeapFree
                0x00000000080068b0       0xa0 /tmp/ch.elf.T04qV9.ltrans0.ltrans.o
                0x00000000080068b0                chHeapFree
 .text.thd_heapfree.lto_priv.0
                0x0000000008006950        0x8 /tmp/ch.elf.T04qV9.ltrans0.ltrans.o
                0x0000000008006950                thd_heapfree.lto_priv.0
 *fill*         0x0000000008006958        0x8 
 .text.dyn_create_object_heap.lto_priv.0
                0x0000000008006960       0x64 /tmp/ch.elf.T04qV9.ltrans0.ltrans.o
                0x0000000008006960                dyn_create_object_heap.lto_priv.0
 *fill*         0x00000000080069c4        0xc 
 .text.SVC_Handler
                0x00000000080069d0       0x14 /tmp/ch.elf.T04qV9.ltrans0.ltrans.o
                0x00000000080069d0                SVC_Handler
 *fill*         0x00000000080069e4        0xc 
 .text.__test_assert
                0x00000000080069f0       0x18 /tmp/ch.elf.T04qV9.ltrans0.ltrans.o
                0x00000000080069f0                __test_assert
 *fill*         0x0000000008006a08        0x8 
 .text.oslib_test_002_001_execute.lto_priv.0
                0x0000000008006a10      0x320 /tmp/ch.elf.T04qV9.ltrans0.ltrans.o
                0x0000000008006a10                oslib_test_002_001_execute.lto_priv.0
 .text.oslib_test_002_002_execute.lto_priv.0
                0x0000000008006d30      0x408 /tmp/ch.elf.T04qV9.ltrans0.ltrans.o
                0x0000000008006d30                oslib_test_002_002_execute.lto_priv.0
 *fill*         0x0000000008007138        0x8 
 .text.oslib_test_003_001_execute.lto_priv.0
                0x0000000008007140      0x478 /tmp/ch.elf.T04qV9.ltrans0.ltrans.o
                0x0000000008007140                oslib_test_003_001_execute.lto_priv.0
 *fill*         0x00000000080075b8        0x8 
 .text.oslib_test_008_001_execute.lto_priv.0
                0x00000000080075c0      0x45c /tmp/ch.elf.T04qV9.ltrans0.ltrans.o
                0x00000000080075c0                oslib_test_008_001_execute.lto_priv.0
 *fill*         0x0000000008007a1c        0x4 
 .text.test_printf
                0x0000000008007a20      0x430 /tmp/ch.elf.T04qV9.ltrans0.ltrans.o
                0x0000000008007a20                test_printf
 .text.rt_test_001_001_execute.lto_priv.0
                0x0000000008007e50       0xdc /tmp/ch.elf.T04qV9.ltrans0.ltrans.o
                0x0000000008007e50                rt_test_001_001_execute.lto_priv.0
 *fill*         0x0000000008007f2c        0x4 
 .text.oslib_test_001_001_execute
                0x0000000008007f30        0x4 /tmp/ch.elf.T04qV9.ltrans0.ltrans.o
                0x0000000008007f30                oslib_test_001_001_execute.lto_priv.0
 *fill*         0x0000000008007f34        0xc 
 .text.rt_test_001_002_execute.lto_priv.0
                0x0000000008007f40       0xbc /tmp/ch.elf.T04qV9.ltrans0.ltrans.o
                0x0000000008007f40                rt_test_001_002_execute.lto_priv.0
 *fill*         0x0000000008007ffc        0x4 
 .text.rt_test_001_003_execute.lto_priv.0
                0x0000000008008000      0x3e8 /tmp/ch.elf.T04qV9.ltrans0.ltrans.o
                0x0000000008008000                rt_test_001_003_execute.lto_priv.0
 *fill*         0x00000000080083e8        0x8 
 .text.rt_test_012_001_execute.lto_priv.0
                0x00000000080083f0       0xb0 /tmp/ch.elf.T04qV9.ltrans0.ltrans.o
                0x00000000080083f0                rt_test_012_001_execute.lto_priv.0
 .text.rt_test_012_002_execute.lto_priv.0
                0x00000000080084a0       0xb0 /tmp/ch.elf.T04qV9.ltrans0.ltrans.o
                0x00000000080084a0                rt_test_012_002_execute.lto_priv.0
 .text.rt_test_012_003_execute.lto_priv.0
                0x0000000008008550      0x124 /tmp/ch.elf.T04qV9.ltrans0.ltrans.o
                0x0000000008008550                rt_test_012_003_execute.lto_priv.0
 *fill*         0x0000000008008674        0xc 
 .text.rt_test_012_004_execute.lto_priv.0
                0x0000000008008680      0x114 /tmp/ch.elf.T04qV9.ltrans0.ltrans.o
                0x0000000008008680                rt_test_012_004_execute.lto_priv.0
 *fill*         0x0000000008008794        0xc 
 .text.rt_test_012_005_execute.lto_priv.0
                0x00000000080087a0       0xb4 /tmp/ch.elf.T04qV9.ltrans0.ltrans.o
                0x00000000080087a0                rt_test_012_005_execute.lto_priv.0
 *fill*         0x0000000008008854        0xc 
 .text.rt_test_012_006_execute.lto_priv.0
                0x0000000008008860       0xe4 /tmp/ch.elf.T04qV9.ltrans0.ltrans.o
                0x0000000008008860                rt_test_012_006_execute.lto_priv.0
 *fill*         0x0000000008008944        0xc 
 .text.rt_test_012_007_execute.lto_priv.0
                0x0000000008008950      0x188 /tmp/ch.elf.T04qV9.ltrans0.ltrans.o
                0x0000000008008950                rt_test_012_007_execute.lto_priv.0
 *fill*         0x0000000008008ad8        0x8 
 .text.rt_test_012_008_execute.lto_priv.0
                0x0000000008008ae0      0x13c /tmp/ch.elf.T04qV9.ltrans0.ltrans.o
                0x0000000008008ae0                rt_test_012_008_execute.lto_priv.0
 *fill*         0x0000000008008c1c        0x4 
 .text.rt_test_012_009_execute.lto_priv.0
                0x0000000008008c20       0xcc /tmp/ch.elf.T04qV9.ltrans0.ltrans.o
                0x0000000008008c20                rt_test_012_009_execute.lto_priv.0
 *fill*         0x0000000008008cec        0x4 
 .text.rt_test_012_010_execute.lto_priv.0
                0x0000000008008cf0      0x1e8 /tmp/ch.elf.T04qV9.ltrans0.ltrans.o
                0x0000000008008cf0                rt_test_012_010_execute.lto_priv.0
 *fill*         0x0000000008008ed8        0x8 
 .text.rt_test_012_011_execute.lto_priv.0
                0x0000000008008ee0       0xd8 /tmp/ch.elf.T04qV9.ltrans0.ltrans.o
                0x0000000008008ee0                rt_test_012_011_execute.lto_priv.0
 *fill*         0x0000000008008fb8        0x8 
 .text.rt_test_012_012_execute.lto_priv.0
                0x0000000008008fc0      0x14c /tmp/ch.elf.T04qV9.ltrans0.ltrans.o
                0x0000000008008fc0                rt_test_012_012_execute.lto_priv.0
 *fill*         0x000000000800910c        0x4 
 .text.oslib_test_001_002_execute.lto_priv.0
                0x0000000008009110       0xc4 /tmp/ch.elf.T04qV9.ltrans0.ltrans.o
                0x0000000008009110                oslib_test_001_002_execute.lto_priv.0
 *fill*         0x00000000080091d4        0xc 
 .text.oslib_test_001_003_execute.lto_priv.0
                0x00000000080091e0      0x228 /tmp/ch.elf.T04qV9.ltrans0.ltrans.o
                0x00000000080091e0                oslib_test_001_003_execute.lto_priv.0
 *fill*         0x0000000008009408        0x8 
 .text.oslib_test_008_002_execute
                0x0000000008009410       0x7c /tmp/ch.elf.T04qV9.ltrans1.ltrans.o
 *fill*         0x000000000800948c        0x4 
 .text.chFactoryReleasePipe.isra.0
                0x0000000008009490       0x58 /tmp/ch.elf.T04qV9.ltrans1.ltrans.o
 *fill*         0x00000000080094e8        0x8 
 .text.chFactoryReleaseObjectsFIFO.isra.0
                0x00000000080094f0       0x58 /tmp/ch.elf.T04qV9.ltrans1.ltrans.o
 *fill*         0x0000000008009548        0x8 
 .text.chFactoryReleaseMailbox.isra.0
                0x0000000008009550       0x58 /tmp/ch.elf.T04qV9.ltrans1.ltrans.o
 *fill*         0x00000000080095a8        0x8 
 .text.chFactoryReleaseSemaphore.isra.0
                0x00000000080095b0       0x68 /tmp/ch.elf.T04qV9.ltrans1.ltrans.o
 *fill*         0x0000000008009618        0x8 
 .text.chFactoryReleaseBuffer.isra.0
                0x0000000008009620       0x58 /tmp/ch.elf.T04qV9.ltrans1.ltrans.o
 *fill*         0x0000000008009678        0x8 
 .text.chFactoryReleaseObject.isra.0
                0x0000000008009680       0x68 /tmp/ch.elf.T04qV9.ltrans1.ltrans.o
 *fill*         0x00000000080096e8        0x8 
 .text.chFactoryCreateSemaphore.constprop.0
                0x00000000080096f0       0xc0 /tmp/ch.elf.T04qV9.ltrans1.ltrans.o
 .text.oslib_test_009_006_teardown
                0x00000000080097b0       0xbc /tmp/ch.elf.T04qV9.ltrans1.ltrans.o
 *fill*         0x000000000800986c        0x4 
 .text.oslib_test_009_001_teardown
                0x0000000008009870       0x68 /tmp/ch.elf.T04qV9.ltrans1.ltrans.o
 *fill*         0x00000000080098d8        0x8 
 .text.oslib_test_009_002_teardown
                0x00000000080098e0       0xbc /tmp/ch.elf.T04qV9.ltrans1.ltrans.o
 *fill*         0x000000000800999c        0x4 
 .text.oslib_test_009_003_teardown
                0x00000000080099a0       0x68 /tmp/ch.elf.T04qV9.ltrans1.ltrans.o
 *fill*         0x0000000008009a08        0x8 
 .text.oslib_test_009_004_teardown
                0x0000000008009a10       0xbc /tmp/ch.elf.T04qV9.ltrans1.ltrans.o
 *fill*         0x0000000008009acc        0x4 
 .text.oslib_test_009_005_teardown
                0x0000000008009ad0       0xbc /tmp/ch.elf.T04qV9.ltrans1.ltrans.o
 *fill*         0x0000000008009b8c        0x4 
 .text.chFactoryFindPipe.constprop.0
                0x0000000008009b90       0x60 /tmp/ch.elf.T04qV9.ltrans1.ltrans.o
 .text.chFactoryFindObjectsFIFO.constprop.0
                0x0000000008009bf0       0x60 /tmp/ch.elf.T04qV9.ltrans1.ltrans.o
 .text.chFactoryFindMailbox.constprop.0
                0x0000000008009c50       0x60 /tmp/ch.elf.T04qV9.ltrans1.ltrans.o
 .text.chFactoryFindSemaphore.constprop.0
                0x0000000008009cb0       0x60 /tmp/ch.elf.T04qV9.ltrans1.ltrans.o
 .text.oslib_test_009_003_execute
                0x0000000008009d10      0x120 /tmp/ch.elf.T04qV9.ltrans1.ltrans.o
 .text.chFactoryFindBuffer.constprop.0
                0x0000000008009e30       0x60 /tmp/ch.elf.T04qV9.ltrans1.ltrans.o
 .text.chFactoryFindObject.constprop.0
                0x0000000008009e90       0x60 /tmp/ch.elf.T04qV9.ltrans1.ltrans.o
 .text.chFactoryRegisterObject.constprop.0
                0x0000000008009ef0       0xc4 /tmp/ch.elf.T04qV9.ltrans1.ltrans.o
 *fill*         0x0000000008009fb4        0xc 
 .text.oslib_test_009_001_execute
                0x0000000008009fc0      0x160 /tmp/ch.elf.T04qV9.ltrans1.ltrans.o
 .text.chFactoryCreatePipe.constprop.0
                0x000000000800a120       0x70 /tmp/ch.elf.T04qV9.ltrans1.ltrans.o
 .text.oslib_test_009_006_execute
                0x000000000800a190      0x120 /tmp/ch.elf.T04qV9.ltrans1.ltrans.o
 .text.chFactoryCreateMailbox.constprop.0
                0x000000000800a2b0       0x60 /tmp/ch.elf.T04qV9.ltrans1.ltrans.o
 .text.oslib_test_009_004_execute
                0x000000000800a310      0x120 /tmp/ch.elf.T04qV9.ltrans1.ltrans.o
 .text.oslib_test_009_002_execute
                0x000000000800a430      0x194 /tmp/ch.elf.T04qV9.ltrans1.ltrans.o
 *fill*         0x000000000800a5c4        0xc 
 .text.chFactoryCreateObjectsFIFO.constprop.0
                0x000000000800a5d0       0xf0 /tmp/ch.elf.T04qV9.ltrans1.ltrans.o
 .text.oslib_test_009_005_execute
                0x000000000800a6c0      0x120 /tmp/ch.elf.T04qV9.ltrans1.ltrans.o
 .text.chCacheGetObject.constprop.0
                0x000000000800a7e0      0x164 /tmp/ch.elf.T04qV9.ltrans1.ltrans.o
                0x000000000800a7e0                chCacheGetObject.constprop.0
 *fill*         0x000000000800a944        0xc 
 .text.chHeapIntegrityCheck.constprop.0
                0x000000000800a950       0x68 /tmp/ch.elf.T04qV9.ltrans1.ltrans.o
                0x000000000800a950                chHeapIntegrityCheck.constprop.0
 *fill*         0x000000000800a9b8        0x8 
 .text.chMBPostAheadI.constprop.0
                0x000000000800a9c0       0x74 /tmp/ch.elf.T04qV9.ltrans1.ltrans.o
                0x000000000800a9c0                chMBPostAheadI.constprop.0
 *fill*         0x000000000800aa34        0xc 
 .text.chMBPostAheadTimeout.constprop.0
                0x000000000800aa40       0xc0 /tmp/ch.elf.T04qV9.ltrans1.ltrans.o
                0x000000000800aa40                chMBPostAheadTimeout.constprop.0
 .text.chMBReset.constprop.0
                0x000000000800ab00       0xac /tmp/ch.elf.T04qV9.ltrans1.ltrans.o
                0x000000000800ab00                chMBReset.constprop.0
 *fill*         0x000000000800abac        0x4 
 .text.chThdCreateFromMemoryPool.constprop.0
                0x000000000800abb0       0x8c /tmp/ch.elf.T04qV9.ltrans1.ltrans.o
                0x000000000800abb0                chThdCreateFromMemoryPool.constprop.0
 *fill*         0x000000000800ac3c        0x4 
 .text.chThdCreateFromHeap.constprop.0
                0x000000000800ac40       0x64 /tmp/ch.elf.T04qV9.ltrans1.ltrans.o
                0x000000000800ac40                chThdCreateFromHeap.constprop.0
 *fill*         0x000000000800aca4        0xc 
 .text.chEvtWaitOne.constprop.0
                0x000000000800acb0       0x48 /tmp/ch.elf.T04qV9.ltrans1.ltrans.o
                0x000000000800acb0                chEvtWaitOne.constprop.0
 *fill*         0x000000000800acf8        0x8 
 .text.chSemResetWithMessage.constprop.0
                0x000000000800ad00       0x60 /tmp/ch.elf.T04qV9.ltrans1.ltrans.o
                0x000000000800ad00                chSemResetWithMessage.constprop.0
 .text.vt_insert_first.constprop.0
                0x000000000800ad60       0x68 /tmp/ch.elf.T04qV9.ltrans1.ltrans.o
                0x000000000800ad60                vt_insert_first.constprop.0
 *fill*         0x000000000800adc8        0x8 
 .text.vt_enqueue.constprop.0
                0x000000000800add0       0xa8 /tmp/ch.elf.T04qV9.ltrans1.ltrans.o
                0x000000000800add0                vt_enqueue.constprop.0
 *fill*         0x000000000800ae78        0x8 
 .text.Thread1  0x000000000800ae80       0xb0 /tmp/ch.elf.T04qV9.ltrans1.ltrans.o
 .text.chPipeWriteTimeout.constprop.0
                0x000000000800af30      0x104 /tmp/ch.elf.T04qV9.ltrans1.ltrans.o
                0x000000000800af30                chPipeWriteTimeout.constprop.0
 *fill*         0x000000000800b034        0xc 
 .text.chPipeReadTimeout.part.0.constprop.0
                0x000000000800b040       0xe4 /tmp/ch.elf.T04qV9.ltrans1.ltrans.o
                0x000000000800b040                chPipeReadTimeout.part.0.constprop.0
 *fill*         0x000000000800b124        0xc 
 .text.test_execute_inner.isra.0
                0x000000000800b130      0x314 /tmp/ch.elf.T04qV9.ltrans1.ltrans.o
 *fill*         0x000000000800b444        0xc 
 .text.startup.main
                0x000000000800b450      0x470 /tmp/ch.elf.T04qV9.ltrans1.ltrans.o
                0x000000000800b450                main
 .text.chSemSignalWait.constprop.0.isra.0
                0x000000000800b8c0       0x94 /tmp/ch.elf.T04qV9.ltrans1.ltrans.o
                0x000000000800b8c0                chSemSignalWait.constprop.0.isra.0
 *(.glue_7t)
 .glue_7t       0x000000000800b954        0x0 linker stubs
 *(.glue_7)
 .glue_7        0x000000000800b954        0x0 linker stubs
 *(.gcc*)
                0x000000000800b954                __text_end__ = .

.vfp11_veneer   0x000000000800b954        0x0
 .vfp11_veneer  0x000000000800b954        0x0 linker stubs

.v4_bx          0x000000000800b954        0x0
 .v4_bx         0x000000000800b954        0x0 linker stubs

.iplt           0x000000000800b954        0x0
 .iplt          0x000000000800b954        0x0 ./build/obj/crt0_v7m.o

.rodata         0x000000000800b954     0x27c4
                0x000000000800b954                __rodata_base__ = .
 *(.rodata)
 *(.rodata.*)
 .rodata.rt_test_002_001_execute.lto_priv.0.str1.4
                0x000000000800b954       0x57 /tmp/ch.elf.T04qV9.ltrans0.ltrans.o
 *fill*         0x000000000800b9ab        0x1 
 .rodata.rt_test_010_001_execute.lto_priv.0.str1.4
                0x000000000800b9ac       0x1b /tmp/ch.elf.T04qV9.ltrans0.ltrans.o
 *fill*         0x000000000800b9c7        0x1 
 .rodata.rt_test_010_002_execute.lto_priv.0.str1.4
                0x000000000800b9c8       0x18 /tmp/ch.elf.T04qV9.ltrans0.ltrans.o
 .rodata.oslib_test_007_001_execute.lto_priv.0.str1.4
                0x000000000800b9e0       0x35 /tmp/ch.elf.T04qV9.ltrans0.ltrans.o
 *fill*         0x000000000800ba15        0x3 
 .rodata.rt_test_011_002_execute.lto_priv.0.str1.4
                0x000000000800ba18       0x97 /tmp/ch.elf.T04qV9.ltrans0.ltrans.o
                                         0x9b (size before relaxing)
 *fill*         0x000000000800baaf        0x1 
 .rodata.oslib_test_003_002_execute.lto_priv.0.str1.4
                0x000000000800bab0       0x1f /tmp/ch.elf.T04qV9.ltrans0.ltrans.o
 *fill*         0x000000000800bacf        0x1 
 .rodata.rt_test_005_003_execute.lto_priv.0.str1.4
                0x000000000800bad0       0x3e /tmp/ch.elf.T04qV9.ltrans0.ltrans.o
 *fill*         0x000000000800bb0e        0x2 
 .rodata.rt_test_005_004_execute.lto_priv.0.str1.4
                0x000000000800bb10       0x47 /tmp/ch.elf.T04qV9.ltrans0.ltrans.o
 *fill*         0x000000000800bb57        0x1 
 .rodata.oslib_test_006_001_execute.lto_priv.0.str1.4
                0x000000000800bb58       0x5d /tmp/ch.elf.T04qV9.ltrans0.ltrans.o
                                         0x69 (size before relaxing)
 *fill*         0x000000000800bbb5        0x3 
 .rodata.oslib_test_002_003_execute.lto_priv.0.str1.4
                0x000000000800bbb8       0x16 /tmp/ch.elf.T04qV9.ltrans0.ltrans.o
 *fill*         0x000000000800bbce        0x2 
 .rodata.rt_test_002_002_execute.lto_priv.0.str1.4
                0x000000000800bbd0       0x12 /tmp/ch.elf.T04qV9.ltrans0.ltrans.o
 *fill*         0x000000000800bbe2        0x2 
 .rodata.rt_test_004_001_execute.lto_priv.0.str1.4
                0x000000000800bbe4        0xe /tmp/ch.elf.T04qV9.ltrans0.ltrans.o
 *fill*         0x000000000800bbf2        0x2 
 .rodata.rt_test_005_001_execute.lto_priv.0.str1.4
                0x000000000800bbf4       0x13 /tmp/ch.elf.T04qV9.ltrans0.ltrans.o
 *fill*         0x000000000800bc07        0x1 
 .rodata.rt_test_010_006_execute.lto_priv.0.str1.4
                0x000000000800bc08        0xf /tmp/ch.elf.T04qV9.ltrans0.ltrans.o
 *fill*         0x000000000800bc17        0x1 
 .rodata.rt_test_007_001_execute.lto_priv.0.str1.4
                0x000000000800bc18       0x2b /tmp/ch.elf.T04qV9.ltrans0.ltrans.o
 *fill*         0x000000000800bc43        0x1 
 .rodata.oslib_test_005_001_execute.lto_priv.0.str1.4
                0x000000000800bc44       0x46 /tmp/ch.elf.T04qV9.ltrans0.ltrans.o
 *fill*         0x000000000800bc8a        0x2 
 .rodata.oslib_test_004_001_execute.lto_priv.0.str1.4
                0x000000000800bc8c       0x18 /tmp/ch.elf.T04qV9.ltrans0.ltrans.o
 .rodata.chThdCreateStatic.str1.4
                0x000000000800bca4        0x7 /tmp/ch.elf.T04qV9.ltrans0.ltrans.o
 *fill*         0x000000000800bcab        0x1 
 .rodata.rt_test_005_002_execute.lto_priv.0.str1.4
                0x000000000800bcac        0x6 /tmp/ch.elf.T04qV9.ltrans0.ltrans.o
 *fill*         0x000000000800bcb2        0x2 
 .rodata.rt_test_006_001_execute.lto_priv.0.str1.4
                0x000000000800bcb4        0x9 /tmp/ch.elf.T04qV9.ltrans0.ltrans.o
 *fill*         0x000000000800bcbd        0x3 
 .rodata.rt_test_007_003_execute.lto_priv.0.str1.4
                0x000000000800bcc0       0x21 /tmp/ch.elf.T04qV9.ltrans0.ltrans.o
 *fill*         0x000000000800bce1        0x3 
 .rodata.rt_test_007_004_execute.lto_priv.0.str1.4
                0x000000000800bce4       0x10 /tmp/ch.elf.T04qV9.ltrans0.ltrans.o
 .rodata.rt_test_007_006_execute.lto_priv.0.str1.4
                0x000000000800bcf4       0x3f /tmp/ch.elf.T04qV9.ltrans0.ltrans.o
                                         0x46 (size before relaxing)
 *fill*         0x000000000800bd33        0x1 
 .rodata.rt_test_010_003_execute.lto_priv.0.str1.4
                0x000000000800bd34       0x31 /tmp/ch.elf.T04qV9.ltrans0.ltrans.o
 *fill*         0x000000000800bd65        0x3 
 .rodata.rt_test_010_004_execute.lto_priv.0.str1.4
                0x000000000800bd68       0x17 /tmp/ch.elf.T04qV9.ltrans0.ltrans.o
 *fill*         0x000000000800bd7f        0x1 
 .rodata.rt_test_008_001_execute.lto_priv.0.str1.4
                0x000000000800bd80       0x15 /tmp/ch.elf.T04qV9.ltrans0.ltrans.o
 *fill*         0x000000000800bd95        0x3 
 .rodata.rt_test_008_005_execute.lto_priv.0.str1.4
                0x000000000800bd98       0x28 /tmp/ch.elf.T04qV9.ltrans0.ltrans.o
 .rodata.rt_test_011_001_execute.lto_priv.0.str1.4
                0x000000000800bdc0       0x66 /tmp/ch.elf.T04qV9.ltrans0.ltrans.o
 *fill*         0x000000000800be26        0x2 
 .rodata.oslib_test_002_001_execute.lto_priv.0.str1.4
                0x000000000800be28       0xb7 /tmp/ch.elf.T04qV9.ltrans0.ltrans.o
 *fill*         0x000000000800bedf        0x1 
 .rodata.oslib_test_003_001_execute.lto_priv.0.str1.4
                0x000000000800bee0       0x1d /tmp/ch.elf.T04qV9.ltrans0.ltrans.o
 *fill*         0x000000000800befd        0x3 
 .rodata.oslib_test_008_001_execute.lto_priv.0.str1.4
                0x000000000800bf00       0x89 /tmp/ch.elf.T04qV9.ltrans0.ltrans.o
 *fill*         0x000000000800bf89        0x3 
 .rodata.test_printf.str1.4
                0x000000000800bf8c        0x7 /tmp/ch.elf.T04qV9.ltrans0.ltrans.o
 *fill*         0x000000000800bf93        0x1 
 .rodata.rt_test_001_001_execute.lto_priv.0.str1.4
                0x000000000800bf94      0x189 /tmp/ch.elf.T04qV9.ltrans0.ltrans.o
                                        0x191 (size before relaxing)
 *fill*         0x000000000800c11d        0x3 
 .rodata.rt_test_001_002_execute.lto_priv.0.str1.4
                0x000000000800c120      0x115 /tmp/ch.elf.T04qV9.ltrans0.ltrans.o
 *fill*         0x000000000800c235        0x3 
 .rodata.rt_test_001_003_execute.lto_priv.0.str1.4
                0x000000000800c238      0x5d5 /tmp/ch.elf.T04qV9.ltrans0.ltrans.o
 *fill*         0x000000000800c80d        0x3 
 .rodata.rt_test_012_001_execute.lto_priv.0.str1.4
                0x000000000800c810       0x26 /tmp/ch.elf.T04qV9.ltrans0.ltrans.o
 *fill*         0x000000000800c836        0x2 
 .rodata.rt_test_012_005_execute.lto_priv.0.str1.4
                0x000000000800c838        0xb /tmp/ch.elf.T04qV9.ltrans0.ltrans.o
 *fill*         0x000000000800c843        0x1 
 .rodata.rt_test_012_007_execute.lto_priv.0.str1.4
                0x000000000800c844       0x11 /tmp/ch.elf.T04qV9.ltrans0.ltrans.o
 *fill*         0x000000000800c855        0x3 
 .rodata.rt_test_012_009_execute.lto_priv.0.str1.4
                0x000000000800c858        0xa /tmp/ch.elf.T04qV9.ltrans0.ltrans.o
 *fill*         0x000000000800c862        0x2 
 .rodata.rt_test_012_010_execute.lto_priv.0.str1.4
                0x000000000800c864        0xf /tmp/ch.elf.T04qV9.ltrans0.ltrans.o
 *fill*         0x000000000800c873        0x1 
 .rodata.rt_test_012_011_execute.lto_priv.0.str1.4
                0x000000000800c874        0xf /tmp/ch.elf.T04qV9.ltrans0.ltrans.o
 *fill*         0x000000000800c883        0x1 
 .rodata.rt_test_012_012_execute.lto_priv.0.str1.4
                0x000000000800c884       0x95 /tmp/ch.elf.T04qV9.ltrans0.ltrans.o
 *fill*         0x000000000800c919        0x3 
 .rodata.oslib_test_001_002_execute.lto_priv.0.str1.4
                0x000000000800c91c       0x3a /tmp/ch.elf.T04qV9.ltrans0.ltrans.o
 *fill*         0x000000000800c956        0x2 
 .rodata.oslib_test_001_003_execute.lto_priv.0.str1.4
                0x000000000800c958      0x315 /tmp/ch.elf.T04qV9.ltrans0.ltrans.o
 *fill*         0x000000000800cc6d        0x3 
 .rodata.evhndl
                0x000000000800cc70        0xc /tmp/ch.elf.T04qV9.ltrans0.ltrans.o
 .rodata.pipe_pattern.lto_priv.0
                0x000000000800cc7c       0x11 /tmp/ch.elf.T04qV9.ltrans0.ltrans.o
                0x000000000800cc7c                pipe_pattern.lto_priv.0
 *fill*         0x000000000800cc8d        0x3 
 .rodata.ram_areas
                0x000000000800cc90       0x80 /tmp/ch.elf.T04qV9.ltrans0.ltrans.o
 .rodata.wa     0x000000000800cd10       0x14 /tmp/ch.elf.T04qV9.ltrans0.ltrans.o
 .rodata.oslib_test_008_002_execute.str1.4
                0x000000000800cd24       0x2a /tmp/ch.elf.T04qV9.ltrans1.ltrans.o
 .rodata.chFactoryCreateSemaphore.constprop.0.str1.4
                0x000000000800cd24        0x6 /tmp/ch.elf.T04qV9.ltrans1.ltrans.o
 *fill*         0x000000000800cd2a        0x2 
 .rodata.oslib_test_009_006_teardown.str1.4
                0x000000000800cd2c        0x7 /tmp/ch.elf.T04qV9.ltrans1.ltrans.o
 *fill*         0x000000000800cd33        0x1 
 .rodata.oslib_test_009_001_teardown.str1.4
                0x000000000800cd34        0x6 /tmp/ch.elf.T04qV9.ltrans1.ltrans.o
 *fill*         0x000000000800cd3a        0x2 
 .rodata.oslib_test_009_002_teardown.str1.4
                0x000000000800cd3c        0x6 /tmp/ch.elf.T04qV9.ltrans1.ltrans.o
 *fill*         0x000000000800cd42        0x2 
 .rodata.oslib_test_009_004_teardown.str1.4
                0x000000000800cd44        0x6 /tmp/ch.elf.T04qV9.ltrans1.ltrans.o
 *fill*         0x000000000800cd4a        0x2 
 .rodata.oslib_test_009_005_teardown.str1.4
                0x000000000800cd4c        0x7 /tmp/ch.elf.T04qV9.ltrans1.ltrans.o
 *fill*         0x000000000800cd53        0x1 
 .rodata.oslib_test_009_003_execute.str1.4
                0x000000000800cd54       0x58 /tmp/ch.elf.T04qV9.ltrans1.ltrans.o
                                         0x60 (size before relaxing)
 .rodata.oslib_test_009_001_execute.str1.4
                0x000000000800cdac       0x30 /tmp/ch.elf.T04qV9.ltrans1.ltrans.o
 .rodata.Thread1.str1.4
                0x000000000800cddc        0x8 /tmp/ch.elf.T04qV9.ltrans1.ltrans.o
 .rodata.test_execute_inner.isra.0.str1.4
                0x000000000800cde4      0x1fb /tmp/ch.elf.T04qV9.ltrans1.ltrans.o
                                        0x203 (size before relaxing)
 *fill*         0x000000000800cfdf        0x1 
 .rodata.main.str1.4
                0x000000000800cfe0        0xd /tmp/ch.elf.T04qV9.ltrans1.ltrans.o
 *fill*         0x000000000800cfed        0x3 
 .rodata.str1.4
                0x000000000800cff0      0xa0a /tmp/ch.elf.T04qV9.ltrans1.ltrans.o
 *fill*         0x000000000800d9fa        0x2 
 .rodata.ch_core0_cfg
                0x000000000800d9fc       0x14 /tmp/ch.elf.T04qV9.ltrans1.ltrans.o
 .rodata.oslib_test_001_001
                0x000000000800da10       0x10 /tmp/ch.elf.T04qV9.ltrans1.ltrans.o
 .rodata.oslib_test_001_002
                0x000000000800da20       0x10 /tmp/ch.elf.T04qV9.ltrans1.ltrans.o
 .rodata.oslib_test_001_003
                0x000000000800da30       0x10 /tmp/ch.elf.T04qV9.ltrans1.ltrans.o
 .rodata.oslib_test_002_001
                0x000000000800da40       0x10 /tmp/ch.elf.T04qV9.ltrans1.ltrans.o
 .rodata.oslib_test_002_002
                0x000000000800da50       0x10 /tmp/ch.elf.T04qV9.ltrans1.ltrans.o
 .rodata.oslib_test_002_003
                0x000000000800da60       0x10 /tmp/ch.elf.T04qV9.ltrans1.ltrans.o
 .rodata.oslib_test_003_001
                0x000000000800da70       0x10 /tmp/ch.elf.T04qV9.ltrans1.ltrans.o
 .rodata.oslib_test_003_002
                0x000000000800da80       0x10 /tmp/ch.elf.T04qV9.ltrans1.ltrans.o
 .rodata.oslib_test_004_001
                0x000000000800da90       0x10 /tmp/ch.elf.T04qV9.ltrans1.ltrans.o
 .rodata.oslib_test_005_001
                0x000000000800daa0       0x10 /tmp/ch.elf.T04qV9.ltrans1.ltrans.o
 .rodata.oslib_test_006_001
                0x000000000800dab0       0x10 /tmp/ch.elf.T04qV9.ltrans1.ltrans.o
 .rodata.oslib_test_007_001
                0x000000000800dac0       0x10 /tmp/ch.elf.T04qV9.ltrans1.ltrans.o
 .rodata.oslib_test_007_002
                0x000000000800dad0       0x10 /tmp/ch.elf.T04qV9.ltrans1.ltrans.o
 .rodata.oslib_test_007_003
                0x000000000800dae0       0x10 /tmp/ch.elf.T04qV9.ltrans1.ltrans.o
 .rodata.oslib_test_008_001
                0x000000000800daf0       0x10 /tmp/ch.elf.T04qV9.ltrans1.ltrans.o
 .rodata.oslib_test_008_002
                0x000000000800db00       0x10 /tmp/ch.elf.T04qV9.ltrans1.ltrans.o
 .rodata.oslib_test_009_001
                0x000000000800db10       0x10 /tmp/ch.elf.T04qV9.ltrans1.ltrans.o
 .rodata.oslib_test_009_002
                0x000000000800db20       0x10 /tmp/ch.elf.T04qV9.ltrans1.ltrans.o
 .rodata.oslib_test_009_003
                0x000000000800db30       0x10 /tmp/ch.elf.T04qV9.ltrans1.ltrans.o
 .rodata.oslib_test_009_004
                0x000000000800db40       0x10 /tmp/ch.elf.T04qV9.ltrans1.ltrans.o
 .rodata.oslib_test_009_005
                0x000000000800db50       0x10 /tmp/ch.elf.T04qV9.ltrans1.ltrans.o
 .rodata.oslib_test_009_006
                0x000000000800db60       0x10 /tmp/ch.elf.T04qV9.ltrans1.ltrans.o
 .rodata.oslib_test_sequence_001
                0x000000000800db70        0x8 /tmp/ch.elf.T04qV9.ltrans1.ltrans.o
 .rodata.oslib_test_sequence_001_array
                0x000000000800db78       0x10 /tmp/ch.elf.T04qV9.ltrans1.ltrans.o
 .rodata.oslib_test_sequence_002
                0x000000000800db88        0x8 /tmp/ch.elf.T04qV9.ltrans1.ltrans.o
 .rodata.oslib_test_sequence_002_array
                0x000000000800db90       0x10 /tmp/ch.elf.T04qV9.ltrans1.ltrans.o
 .rodata.oslib_test_sequence_003
                0x000000000800dba0        0x8 /tmp/ch.elf.T04qV9.ltrans1.ltrans.o
 .rodata.oslib_test_sequence_003_array
                0x000000000800dba8        0xc /tmp/ch.elf.T04qV9.ltrans1.ltrans.o
 .rodata.oslib_test_sequence_004
                0x000000000800dbb4        0x8 /tmp/ch.elf.T04qV9.ltrans1.ltrans.o
 .rodata.oslib_test_sequence_004_array
                0x000000000800dbbc        0x8 /tmp/ch.elf.T04qV9.ltrans1.ltrans.o
 .rodata.oslib_test_sequence_005
                0x000000000800dbc4        0x8 /tmp/ch.elf.T04qV9.ltrans1.ltrans.o
 .rodata.oslib_test_sequence_005_array
                0x000000000800dbcc        0x8 /tmp/ch.elf.T04qV9.ltrans1.ltrans.o
 .rodata.oslib_test_sequence_006
                0x000000000800dbd4        0x8 /tmp/ch.elf.T04qV9.ltrans1.ltrans.o
 .rodata.oslib_test_sequence_006_array
                0x000000000800dbdc        0x8 /tmp/ch.elf.T04qV9.ltrans1.ltrans.o
 .rodata.oslib_test_sequence_007
                0x000000000800dbe4        0x8 /tmp/ch.elf.T04qV9.ltrans1.ltrans.o
 .rodata.oslib_test_sequence_007_array
                0x000000000800dbec       0x10 /tmp/ch.elf.T04qV9.ltrans1.ltrans.o
 .rodata.oslib_test_sequence_008
                0x000000000800dbfc        0x8 /tmp/ch.elf.T04qV9.ltrans1.ltrans.o
 .rodata.oslib_test_sequence_008_array
                0x000000000800dc04        0xc /tmp/ch.elf.T04qV9.ltrans1.ltrans.o
 .rodata.oslib_test_sequence_009
                0x000000000800dc10        0x8 /tmp/ch.elf.T04qV9.ltrans1.ltrans.o
 .rodata.oslib_test_sequence_009_array
                0x000000000800dc18       0x1c /tmp/ch.elf.T04qV9.ltrans1.ltrans.o
 .rodata.oslib_test_suite
                0x000000000800dc34        0x8 /tmp/ch.elf.T04qV9.ltrans1.ltrans.o
 .rodata.oslib_test_suite_array
                0x000000000800dc3c       0x28 /tmp/ch.elf.T04qV9.ltrans1.ltrans.o
 .rodata.rt_test_001_001
                0x000000000800dc64       0x10 /tmp/ch.elf.T04qV9.ltrans1.ltrans.o
 .rodata.rt_test_001_002
                0x000000000800dc74       0x10 /tmp/ch.elf.T04qV9.ltrans1.ltrans.o
 .rodata.rt_test_001_003
                0x000000000800dc84       0x10 /tmp/ch.elf.T04qV9.ltrans1.ltrans.o
 .rodata.rt_test_002_001
                0x000000000800dc94       0x10 /tmp/ch.elf.T04qV9.ltrans1.ltrans.o
 .rodata.rt_test_002_002
                0x000000000800dca4       0x10 /tmp/ch.elf.T04qV9.ltrans1.ltrans.o
 .rodata.rt_test_002_003
                0x000000000800dcb4       0x10 /tmp/ch.elf.T04qV9.ltrans1.ltrans.o
 .rodata.rt_test_003_001
                0x000000000800dcc4       0x10 /tmp/ch.elf.T04qV9.ltrans1.ltrans.o
 .rodata.rt_test_003_002
                0x000000000800dcd4       0x10 /tmp/ch.elf.T04qV9.ltrans1.ltrans.o
 .rodata.rt_test_004_001
                0x000000000800dce4       0x10 /tmp/ch.elf.T04qV9.ltrans1.ltrans.o
 .rodata.rt_test_005_001
                0x000000000800dcf4       0x10 /tmp/ch.elf.T04qV9.ltrans1.ltrans.o
 .rodata.rt_test_005_002
                0x000000000800dd04       0x10 /tmp/ch.elf.T04qV9.ltrans1.ltrans.o
 .rodata.rt_test_005_003
                0x000000000800dd14       0x10 /tmp/ch.elf.T04qV9.ltrans1.ltrans.o
 .rodata.rt_test_005_004
                0x000000000800dd24       0x10 /tmp/ch.elf.T04qV9.ltrans1.ltrans.o
 .rodata.rt_test_006_001
                0x000000000800dd34       0x10 /tmp/ch.elf.T04qV9.ltrans1.ltrans.o
 .rodata.rt_test_007_001
                0x000000000800dd44       0x10 /tmp/ch.elf.T04qV9.ltrans1.ltrans.o
 .rodata.rt_test_007_002
                0x000000000800dd54       0x10 /tmp/ch.elf.T04qV9.ltrans1.ltrans.o
 .rodata.rt_test_007_003
                0x000000000800dd64       0x10 /tmp/ch.elf.T04qV9.ltrans1.ltrans.o
 .rodata.rt_test_007_004
                0x000000000800dd74       0x10 /tmp/ch.elf.T04qV9.ltrans1.ltrans.o
 .rodata.rt_test_007_005
                0x000000000800dd84       0x10 /tmp/ch.elf.T04qV9.ltrans1.ltrans.o
 .rodata.rt_test_007_006
                0x000000000800dd94       0x10 /tmp/ch.elf.T04qV9.ltrans1.ltrans.o
 .rodata.rt_test_008_001
                0x000000000800dda4       0x10 /tmp/ch.elf.T04qV9.ltrans1.ltrans.o
 .rodata.rt_test_008_004
                0x000000000800ddb4       0x10 /tmp/ch.elf.T04qV9.ltrans1.ltrans.o
 .rodata.rt_test_008_005
                0x000000000800ddc4       0x10 /tmp/ch.elf.T04qV9.ltrans1.ltrans.o
 .rodata.rt_test_008_007
                0x000000000800ddd4       0x10 /tmp/ch.elf.T04qV9.ltrans1.ltrans.o
 .rodata.rt_test_008_008
                0x000000000800dde4       0x10 /tmp/ch.elf.T04qV9.ltrans1.ltrans.o
 .rodata.rt_test_008_009
                0x000000000800ddf4       0x10 /tmp/ch.elf.T04qV9.ltrans1.ltrans.o
 .rodata.rt_test_009_001
                0x000000000800de04       0x10 /tmp/ch.elf.T04qV9.ltrans1.ltrans.o
 .rodata.rt_test_010_001
                0x000000000800de14       0x10 /tmp/ch.elf.T04qV9.ltrans1.ltrans.o
 .rodata.rt_test_010_002
                0x000000000800de24       0x10 /tmp/ch.elf.T04qV9.ltrans1.ltrans.o
 .rodata.rt_test_010_003
                0x000000000800de34       0x10 /tmp/ch.elf.T04qV9.ltrans1.ltrans.o
 .rodata.rt_test_010_004
                0x000000000800de44       0x10 /tmp/ch.elf.T04qV9.ltrans1.ltrans.o
 .rodata.rt_test_010_005
                0x000000000800de54       0x10 /tmp/ch.elf.T04qV9.ltrans1.ltrans.o
 .rodata.rt_test_010_006
                0x000000000800de64       0x10 /tmp/ch.elf.T04qV9.ltrans1.ltrans.o
 .rodata.rt_test_010_007
                0x000000000800de74       0x10 /tmp/ch.elf.T04qV9.ltrans1.ltrans.o
 .rodata.rt_test_011_001
                0x000000000800de84       0x10 /tmp/ch.elf.T04qV9.ltrans1.ltrans.o
 .rodata.rt_test_011_002
                0x000000000800de94       0x10 /tmp/ch.elf.T04qV9.ltrans1.ltrans.o
 .rodata.rt_test_012_001
                0x000000000800dea4       0x10 /tmp/ch.elf.T04qV9.ltrans1.ltrans.o
 .rodata.rt_test_012_002
                0x000000000800deb4       0x10 /tmp/ch.elf.T04qV9.ltrans1.ltrans.o
 .rodata.rt_test_012_003
                0x000000000800dec4       0x10 /tmp/ch.elf.T04qV9.ltrans1.ltrans.o
 .rodata.rt_test_012_004
                0x000000000800ded4       0x10 /tmp/ch.elf.T04qV9.ltrans1.ltrans.o
 .rodata.rt_test_012_005
                0x000000000800dee4       0x10 /tmp/ch.elf.T04qV9.ltrans1.ltrans.o
 .rodata.rt_test_012_006
                0x000000000800def4       0x10 /tmp/ch.elf.T04qV9.ltrans1.ltrans.o
 .rodata.rt_test_012_007
                0x000000000800df04       0x10 /tmp/ch.elf.T04qV9.ltrans1.ltrans.o
 .rodata.rt_test_012_008
                0x000000000800df14       0x10 /tmp/ch.elf.T04qV9.ltrans1.ltrans.o
 .rodata.rt_test_012_009
                0x000000000800df24       0x10 /tmp/ch.elf.T04qV9.ltrans1.ltrans.o
 .rodata.rt_test_012_010
                0x000000000800df34       0x10 /tmp/ch.elf.T04qV9.ltrans1.ltrans.o
 .rodata.rt_test_012_011
                0x000000000800df44       0x10 /tmp/ch.elf.T04qV9.ltrans1.ltrans.o
 .rodata.rt_test_012_012
                0x000000000800df54       0x10 /tmp/ch.elf.T04qV9.ltrans1.ltrans.o
 .rodata.rt_test_sequence_001
                0x000000000800df64        0x8 /tmp/ch.elf.T04qV9.ltrans1.ltrans.o
 .rodata.rt_test_sequence_001_array
                0x000000000800df6c       0x10 /tmp/ch.elf.T04qV9.ltrans1.ltrans.o
 .rodata.rt_test_sequence_002
                0x000000000800df7c        0x8 /tmp/ch.elf.T04qV9.ltrans1.ltrans.o
 .rodata.rt_test_sequence_002_array
                0x000000000800df84       0x10 /tmp/ch.elf.T04qV9.ltrans1.ltrans.o
 .rodata.rt_test_sequence_003
                0x000000000800df94        0x8 /tmp/ch.elf.T04qV9.ltrans1.ltrans.o
 .rodata.rt_test_sequence_003_array
                0x000000000800df9c        0xc /tmp/ch.elf.T04qV9.ltrans1.ltrans.o
 .rodata.rt_test_sequence_004
                0x000000000800dfa8        0x8 /tmp/ch.elf.T04qV9.ltrans1.ltrans.o
 .rodata.rt_test_sequence_004_array
                0x000000000800dfb0        0x8 /tmp/ch.elf.T04qV9.ltrans1.ltrans.o
 .rodata.rt_test_sequence_005
                0x000000000800dfb8        0x8 /tmp/ch.elf.T04qV9.ltrans1.ltrans.o
 .rodata.rt_test_sequence_005_array
                0x000000000800dfc0       0x14 /tmp/ch.elf.T04qV9.ltrans1.ltrans.o
 .rodata.rt_test_sequence_006
                0x000000000800dfd4        0x8 /tmp/ch.elf.T04qV9.ltrans1.ltrans.o
 .rodata.rt_test_sequence_006_array
                0x000000000800dfdc        0x8 /tmp/ch.elf.T04qV9.ltrans1.ltrans.o
 .rodata.rt_test_sequence_007
                0x000000000800dfe4        0x8 /tmp/ch.elf.T04qV9.ltrans1.ltrans.o
 .rodata.rt_test_sequence_007_array
                0x000000000800dfec       0x1c /tmp/ch.elf.T04qV9.ltrans1.ltrans.o
 .rodata.rt_test_sequence_008
                0x000000000800e008        0x8 /tmp/ch.elf.T04qV9.ltrans1.ltrans.o
 .rodata.rt_test_sequence_008_array
                0x000000000800e010       0x1c /tmp/ch.elf.T04qV9.ltrans1.ltrans.o
 .rodata.rt_test_sequence_009
                0x000000000800e02c        0x8 /tmp/ch.elf.T04qV9.ltrans1.ltrans.o
 .rodata.rt_test_sequence_009_array
                0x000000000800e034        0x8 /tmp/ch.elf.T04qV9.ltrans1.ltrans.o
 .rodata.rt_test_sequence_010
                0x000000000800e03c        0x8 /tmp/ch.elf.T04qV9.ltrans1.ltrans.o
 .rodata.rt_test_sequence_010_array
                0x000000000800e044       0x20 /tmp/ch.elf.T04qV9.ltrans1.ltrans.o
 .rodata.rt_test_sequence_011
                0x000000000800e064        0x8 /tmp/ch.elf.T04qV9.ltrans1.ltrans.o
 .rodata.rt_test_sequence_011_array
                0x000000000800e06c        0xc /tmp/ch.elf.T04qV9.ltrans1.ltrans.o
 .rodata.rt_test_sequence_012
                0x000000000800e078        0x8 /tmp/ch.elf.T04qV9.ltrans1.ltrans.o
 .rodata.rt_test_sequence_012_array
                0x000000000800e080       0x34 /tmp/ch.elf.T04qV9.ltrans1.ltrans.o
 .rodata.rt_test_suite
                0x000000000800e0b4        0x8 /tmp/ch.elf.T04qV9.ltrans1.ltrans.o
 .rodata.rt_test_suite_array
                0x000000000800e0bc       0x34 /tmp/ch.elf.T04qV9.ltrans1.ltrans.o
 .rodata.vmt    0x000000000800e0f0       0x28 /tmp/ch.elf.T04qV9.ltrans1.ltrans.o
                0x000000000800e118                . = ALIGN (0x4)
                0x000000000800e118                __rodata_end__ = .

.rel.dyn        0x000000000800e118        0x0
 .rel.iplt      0x000000000800e118        0x0 ./build/obj/crt0_v7m.o

.ARM.extab
 *(.ARM.extab* .gnu.linkonce.armextab.*)

.ARM.exidx      0x000000000800e118        0x0
                0x000000000800e118                __exidx_base__ = .
                0x000000000800e118                __exidx_start = .
 *(.ARM.exidx* .gnu.linkonce.armexidx.*)
                0x000000000800e118                __exidx_end__ = .
                0x000000000800e118                __exidx_end = .

.eh_frame_hdr
 *(.eh_frame_hdr)

.eh_frame
 *(.eh_frame)

.data           0x0000000020000800       0xdc load address 0x000000000800e118
                [!provide]                        PROVIDE (_textdata = LOADADDR (.data))
                [!provide]                        PROVIDE (_data = .)
                0x000000000800e118                __textdata_base__ = LOADADDR (.data)
                0x0000000020000800                __data_base__ = .
 *(.data)
 *(.data.*)
 .data.c1       0x0000000020000800        0x8 /tmp/ch.elf.T04qV9.ltrans0.ltrans.o
 .data.es1      0x0000000020000808        0x4 /tmp/ch.elf.T04qV9.ltrans0.ltrans.o
 .data.es2      0x000000002000080c        0x4 /tmp/ch.elf.T04qV9.ltrans0.ltrans.o
 .data.gmp1     0x0000000020000810       0x1c /tmp/ch.elf.T04qV9.ltrans0.ltrans.o
 .data.m1       0x000000002000082c       0x10 /tmp/ch.elf.T04qV9.ltrans0.ltrans.o
 .data.m2       0x000000002000083c       0x10 /tmp/ch.elf.T04qV9.ltrans0.ltrans.o
 .data.mb1.lto_priv.0
                0x000000002000084c       0x28 /tmp/ch.elf.T04qV9.ltrans0.ltrans.o
                0x000000002000084c                mb1.lto_priv.0
 .data.mp1.lto_priv.1
                0x0000000020000874       0x10 /tmp/ch.elf.T04qV9.ltrans0.ltrans.o
 .data.pipe1.lto_priv.0
                0x0000000020000884       0x50 /tmp/ch.elf.T04qV9.ltrans0.ltrans.o
                0x0000000020000884                pipe1.lto_priv.0
 .data.myobj.0  0x00000000200008d4        0x4 /tmp/ch.elf.T04qV9.ltrans1.ltrans.o
 .data.myobj.1  0x00000000200008d8        0x4 /tmp/ch.elf.T04qV9.ltrans1.ltrans.o
 *(.ramtext)
                0x00000000200008dc                . = ALIGN (0x4)
                [!provide]                        PROVIDE (_edata = .)
                0x00000000200008dc                __data_end__ = .

.igot.plt       0x00000000200008dc        0x0 load address 0x000000000800e1f4
 .igot.plt      0x00000000200008dc        0x0 ./build/obj/crt0_v7m.o

.bss            0x00000000200008e0     0x1820 load address 0x000000000800e1f4
                0x00000000200008e0                __bss_base__ = .
 *(.bss)
 *(.bss.*)
 .bss.SD2       0x00000000200008e0       0x80 /tmp/ch.elf.T04qV9.ltrans0.ltrans.o
                0x00000000200008e0                SD2
 .bss.buffer    0x0000000020000960       0x10 /tmp/ch.elf.T04qV9.ltrans0.ltrans.o
 .bss.cache1.lto_priv.0
                0x0000000020000970       0x44 /tmp/ch.elf.T04qV9.ltrans0.ltrans.o
                0x0000000020000970                cache1.lto_priv.0
 *fill*         0x00000000200009b4        0x4 
 .bss.ch0       0x00000000200009b8       0xe8 /tmp/ch.elf.T04qV9.ltrans0.ltrans.o